 addon

 Timestamp is 5d511962 (Mon Aug 12 04:46:42 2019)

 Preferred load address is 0000000180000000

 Start         Length     Name                   Class
 0001:00000000 00000110H .text$di                CODE
 0001:00000110 0001d4e0H .text$mn                CODE
 0001:0001d5f0 00000020H .text$mn$00             CODE
 0001:0001d610 00000580H .text$x                 CODE
 0001:0001db90 00000174H .text$yd                CODE
 0002:00000000 000002b0H .idata$5                DATA
 0002:000002b0 00000010H .00cfg                  DATA
 0002:000002c0 00000008H .CRT$XCA                DATA
 0002:000002c8 00000038H .CRT$XCC                DATA
 0002:00000300 00000010H .CRT$XCL                DATA
 0002:00000310 00000008H .CRT$XCU                DATA
 0002:00000318 00000008H .CRT$XCZ                DATA
 0002:00000320 00000008H .CRT$XIA                DATA
 0002:00000328 00000028H .CRT$XIC                DATA
 0002:00000350 00000008H .CRT$XIZ                DATA
 0002:00000358 00000008H .CRT$XPA                DATA
 0002:00000360 00000010H .CRT$XPX                DATA
 0002:00000370 00000008H .CRT$XPXA               DATA
 0002:00000378 00000008H .CRT$XPZ                DATA
 0002:00000380 00000008H .CRT$XTA                DATA
 0002:00000388 00000008H .CRT$XTZ                DATA
 0002:00000390 00000000H .gfids$y                DATA
 0002:00000390 000108a0H .rdata                  DATA
 0002:00010c30 00000ebcH .rdata$r                DATA
 0002:00011aec 00000404H .rdata$zzzdbg           DATA
 0002:00011ef0 00000008H .rtc$IAA                DATA
 0002:00011ef8 00000008H .rtc$IZZ                DATA
 0002:00011f00 00000008H .rtc$TAA                DATA
 0002:00011f08 00000008H .rtc$TZZ                DATA
 0002:00011f10 000019b8H .xdata                  DATA
 0002:000138c8 00000364H .xdata$x                DATA
 0002:00013c2c 00000020H .didat$2                DATA
 0002:00013c4c 00000024H .didat$3                DATA
 0002:00013c70 000000d8H .didat$4                DATA
 0002:00013d48 000007d8H .didat$6                DATA
 0002:00014520 000000e0H .didat$7                DATA
 0002:00014600 00000050H .edata                  DATA
 0002:00014650 00000028H .idata$2                DATA
 0002:00014678 00000018H .idata$3                DATA
 0002:00014690 000002b0H .idata$4                DATA
 0002:00014940 0000061eH .idata$6                DATA
 0003:00000000 00000bb0H .data                   DATA
 0003:00000bb0 00000560H .data$r                 DATA
 0003:00001110 000000e0H .didat$5                DATA
 0003:000011f0 00001960H .bss                    DATA
 0004:00000000 00001ca4H .pdata                  DATA
 0005:00000000 00000094H _RDATA                  DATA
 0006:00000000 00000060H .rsrc$01                DATA
 0006:00000060 00000180H .rsrc$02                DATA

  Address         Publics by Value              Rva+Base               Lib:Object

 0000:00000000       __hybrid_code_map_count    0000000000000000     <absolute>
 0000:00000000       __hybrid_code_map          0000000000000000     <absolute>
 0000:00000000       __guard_iat_count          0000000000000000     <absolute>
 0000:00000000       __guard_longjmp_count      0000000000000000     <absolute>
 0000:00000000       __volatile_metadata        0000000000000000     <absolute>
 0000:00000000       __guard_longjmp_table      0000000000000000     <absolute>
 0000:00000000       __guard_iat_table          0000000000000000     <absolute>
 0000:00000000       __guard_fids_count         0000000000000000     <absolute>
 0000:00000000       ___safe_se_handler_count   0000000000000000     <absolute>
 0000:00000000       __enclave_config           0000000000000000     <absolute>
 0000:00000000       __AbsoluteZero             0000000000000000     <absolute>
 0000:00000000       ___safe_se_handler_table   0000000000000000     <absolute>
 0000:00000000       __guard_fids_table         0000000000000000     <absolute>
 0000:00000000       __hybrid_auxiliary_iat     0000000000000000     <absolute>
 0000:00000000       __dynamic_value_reloc_table 0000000000000000     <absolute>
 0000:00000100       __guard_flags              0000000000000100     <absolute>
 0000:00000000       __ImageBase                0000000180000000     <linker-defined>
 0001:00000110       ?what@exception@stdext@@UEBAPEBDXZ 0000000180001110 f i addon.obj
 0001:00000130       ?_Raise@exception@stdext@@QEBAXXZ 0000000180001130 f i addon.obj
 0001:00000170       ?imbue@?$basic_streambuf@DU?$char_traits@D@std@@@std@@MEAAXAEBVlocale@2@@Z 0000000180001170 f i libcpmt:cout.obj
 0001:00000170       ?_Doraise@exception@stdext@@MEBAXXZ 0000000180001170 f i addon.obj
 0001:00000170       ?_Lock@?$basic_streambuf@DU?$char_traits@D@std@@@std@@UEAAXXZ 0000000180001170 f i libcpmt:cout.obj
 0001:00000170       ?_Unlock@?$basic_streambuf@DU?$char_traits@D@std@@@std@@UEAAXXZ 0000000180001170 f i libcpmt:cout.obj
 0001:00000170       _guard_check_icall_nop     0000000180001170 f i LIBCMT:guard_support.obj
 0001:00000180       ??_Gruntime_error@std@@UEAAPEAXI@Z 0000000180001180 f i addon.obj
 0001:00000180       ??_Gexception@stdext@@UEAAPEAXI@Z 0000000180001180 f i addon.obj
 0001:00000180       ??_Eexception@stdext@@UEAAPEAXI@Z 0000000180001180 f i * CIL library *:* CIL module *
 0001:00000180       ??_Eruntime_error@std@@UEAAPEAXI@Z 0000000180001180 f i * CIL library *:* CIL module *
 0001:000001b0       ??1runtime_error@std@@UEAA@XZ 00000001800011b0 f i addon.obj
 0001:000001b0       ??1failure@ios_base@std@@UEAA@XZ 00000001800011b0 f i addon.obj
 0001:000001c0       ?default_error_condition@error_category@std@@UEBA?AVerror_condition@2@H@Z 00000001800011c0 f i addon.obj
 0001:000001d0       ?equivalent@error_category@std@@UEBA_NHAEBVerror_condition@2@@Z 00000001800011d0 f i addon.obj
 0001:00000210       ?equivalent@error_category@std@@UEBA_NAEBVerror_code@2@H@Z 0000000180001210 f i addon.obj
 0001:00000230       ?make_error_code@std@@YA?AVerror_code@1@W4io_errc@1@@Z 0000000180001230 f i addon.obj
 0001:00000280       ??0_System_error@std@@IEAA@Verror_code@1@AEBV?$basic_string@DU?$char_traits@D@std@@V?$allocator@D@2@@1@@Z 0000000180001280 f i addon.obj
 0001:000004a0       ??_Esystem_error@std@@UEAAPEAXI@Z 00000001800014a0 f i * CIL library *:* CIL module *
 0001:000004a0       ??_Gfailure@ios_base@std@@UEAAPEAXI@Z 00000001800014a0 f i addon.obj
 0001:000004a0       ??_Efailure@ios_base@std@@UEAAPEAXI@Z 00000001800014a0 f i * CIL library *:* CIL module *
 0001:000004a0       ??_G_System_error@std@@UEAAPEAXI@Z 00000001800014a0 f i addon.obj
 0001:000004a0       ??_Gsystem_error@std@@UEAAPEAXI@Z 00000001800014a0 f i addon.obj
 0001:000004a0       ??_E_System_error@std@@UEAAPEAXI@Z 00000001800014a0 f i * CIL library *:* CIL module *
 0001:000004d0       ?name@_Iostream_error_category@std@@UEBAPEBDXZ 00000001800014d0 f i addon.obj
 0001:000004e0       ?message@_Iostream_error_category@std@@UEBA?AV?$basic_string@DU?$char_traits@D@std@@V?$allocator@D@2@@2@H@Z 00000001800014e0 f i addon.obj
 0001:00000570       ??_E_Iostream_error_category@std@@UEAAPEAXI@Z 0000000180001570 f i * CIL library *:* CIL module *
 0001:00000570       ??_G_Iostream_error_category@std@@UEAAPEAXI@Z 0000000180001570 f i addon.obj
 0001:000005a0       ??0failure@ios_base@std@@QEAA@PEBDAEBVerror_code@2@@Z 00000001800015a0 f i addon.obj
 0001:00000730       ?RunCallback@@YAXAEBV?$FunctionCallbackInfo@VValue@v8@@@Nan@@@Z 0000000180001730 f   addon.obj
 0001:00000900       ?Init@@YAXV?$Local@VObject@v8@@@v8@@0@Z 0000000180001900 f   addon.obj
 0001:00000b20       ??1?$basic_string@DU?$char_traits@D@std@@V?$allocator@D@2@@std@@QEAA@XZ 0000000180001b20 f i addon.obj
 0001:00000b80       ??0?$basic_string@DU?$char_traits@D@std@@V?$allocator@D@2@@std@@QEAA@QEBD@Z 0000000180001b80 f i addon.obj
 0001:00000ca0       ?append@?$basic_string@DU?$char_traits@D@std@@V?$allocator@D@2@@std@@QEAAAEAV12@QEBD_K@Z 0000000180001ca0 f i addon.obj
 0001:00000d30       ??$?6U?$char_traits@D@std@@@std@@YAAEAV?$basic_ostream@DU?$char_traits@D@std@@@0@AEAV10@PEBD@Z 0000000180001d30 f i addon.obj
 0001:00000ff0       ??$_Reallocate_grow_by@V<lambda_65e615be2a453ca0576c979606f46740>@@PEBD_K@?$basic_string@DU?$char_traits@D@std@@V?$allocator@D@2@@std@@AEAAAEAV01@_KV<lambda_65e615be2a453ca0576c979606f46740>@@PEBD_K@Z 0000000180001ff0 f i addon.obj
 0001:00001170       ??1sentry@?$basic_ostream@DU?$char_traits@D@std@@@std@@QEAA@XZ 0000000180002170 f i addon.obj
 0001:00001240       ??0sentry@?$basic_ostream@DU?$char_traits@D@std@@@std@@QEAA@AEAV12@@Z 0000000180002240 f i addon.obj
 0001:00001360       ?_Xlen@?$basic_string@DU?$char_traits@D@std@@V?$allocator@D@2@@std@@CAXXZ 0000000180002360 f i addon.obj
 0001:00001380       ??$_Immortalize_impl@V_Iostream_error_category@std@@@std@@YAHPEAX0PEAPEAX@Z 0000000180002380 f i addon.obj
 0001:000013a0       ??$SetMethodAux@V?$Local@VObject@v8@@@v8@@@imp@Nan@@YAXV?$Local@VObject@v8@@@v8@@V?$Local@VString@v8@@@3@V?$Local@VFunctionTemplate@v8@@@3@ZZ 00000001800023a0 f i addon.obj
 0001:000014a4       __imp_load_?Global@Context@v8@@QEAA?AV?$Local@VObject@v8@@@2@XZ 00000001800024a4 f   node:node.exe
 0001:000014b0       __tailMerge_node_exe       00000001800024b0     node:node.exe
 0001:00001529       __imp_load_?Value@External@v8@@QEBAPEAXXZ 0000000180002529 f   node:node.exe
 0001:00001535       __imp_load_?New@External@v8@@SA?AV?$Local@VExternal@v8@@@2@PEAVIsolate@2@PEAX@Z 0000000180002535 f   node:node.exe
 0001:00001541       __imp_load_?GetCurrentContext@Isolate@v8@@QEAA?AV?$Local@VContext@v8@@@2@XZ 0000000180002541 f   node:node.exe
 0001:0000154d       __imp_load_?GetCurrent@Isolate@v8@@SAPEAV12@XZ 000000018000254d f   node:node.exe
 0001:00001559       __imp_load_?CreateHandle@HandleScope@v8@@CAPEAPEAVObject@internal@2@PEAVHeapObject@42@PEAV342@@Z 0000000180002559 f   node:node.exe
 0001:00001565       __imp_load_??1HandleScope@v8@@QEAA@XZ 0000000180002565 f   node:node.exe
 0001:00001571       __imp_load_??0HandleScope@v8@@QEAA@PEAVIsolate@1@@Z 0000000180002571 f   node:node.exe
 0001:0000157d       __imp_load_?SetClassName@FunctionTemplate@v8@@QEAAXV?$Local@VString@v8@@@2@@Z 000000018000257d f   node:node.exe
 0001:00001589       __imp_load_?GetFunction@FunctionTemplate@v8@@QEAA?AV?$MaybeLocal@VFunction@v8@@@2@V?$Local@VContext@v8@@@2@@Z 0000000180002589 f   node:node.exe
 0001:00001595       __imp_load_?New@FunctionTemplate@v8@@SA?AV?$Local@VFunctionTemplate@v8@@@2@PEAVIsolate@2@P6AXAEBV?$FunctionCallbackInfo@VValue@v8@@@2@@ZV?$Local@VValue@v8@@@2@V?$Local@VSignature@v8@@@2@HW4ConstructorBehavior@2@W4SideEffectType@2@@Z 0000000180002595 f   node:node.exe
 0001:000015a1       __imp_load_?ToLocalEmpty@V8@v8@@CAXXZ 00000001800025a1 f   node:node.exe
 0001:000015ad       __imp_load_?Escape@EscapableHandleScope@v8@@AEAAPEAPEAVObject@internal@2@PEAPEAV342@@Z 00000001800025ad f   node:node.exe
 0001:000015b9       __imp_load_??0EscapableHandleScope@v8@@QEAA@PEAVIsolate@1@@Z 00000001800025b9 f   node:node.exe
 0001:000015c5       __imp_load_?NewFromUtf8@String@v8@@SA?AV?$MaybeLocal@VString@v8@@@2@PEAVIsolate@2@PEBDW4NewStringType@2@H@Z 00000001800025c5 f   node:node.exe
 0001:000015d1       __imp_load_?SlowGetInternalField@Object@v8@@AEAA?AV?$Local@VValue@v8@@@2@H@Z 00000001800025d1 f   node:node.exe
 0001:000015dd       __imp_load_?New@Object@v8@@SA?AV?$Local@VObject@v8@@@2@PEAVIsolate@2@@Z 00000001800025dd f   node:node.exe
 0001:000015e9       __imp_load_?SetInternalField@Object@v8@@QEAAXHV?$Local@VValue@v8@@@2@@Z 00000001800025e9 f   node:node.exe
 0001:000015f5       __imp_load_?Set@Object@v8@@QEAA?AV?$Maybe@_N@2@V?$Local@VContext@v8@@@2@V?$Local@VValue@v8@@@2@1@Z 00000001800025f5 f   node:node.exe
 0001:00001601       __imp_load_?SetInternalFieldCount@ObjectTemplate@v8@@QEAAXH@Z 0000000180002601 f   node:node.exe
 0001:0000160d       __imp_load_?NewInstance@ObjectTemplate@v8@@QEAA?AV?$MaybeLocal@VObject@v8@@@2@V?$Local@VContext@v8@@@2@@Z 000000018000260d f   node:node.exe
 0001:00001619       __imp_load_?New@ObjectTemplate@v8@@SA?AV?$Local@VObjectTemplate@v8@@@2@PEAVIsolate@2@V?$Local@VFunctionTemplate@v8@@@2@@Z 0000000180002619 f   node:node.exe
 0001:00001625       __imp_load_?EmitAsyncDestroy@node@@YAXPEAVIsolate@v8@@Uasync_context@1@@Z 0000000180002625 f   node:node.exe
 0001:00001631       __imp_load_node_module_register 0000000180002631 f   node:node.exe
 0001:0000163d       __imp_load_?MakeCallback@node@@YA?AV?$MaybeLocal@VValue@v8@@@v8@@PEAVIsolate@3@V?$Local@VObject@v8@@@3@V?$Local@VFunction@v8@@@3@HPEAV?$Local@VValue@v8@@@3@Uasync_context@1@@Z 000000018000263d f   node:node.exe
 0001:00001649       __imp_load_?EmitAsyncInit@node@@YA?AUasync_context@1@PEAVIsolate@v8@@V?$Local@VObject@v8@@@4@V?$Local@VString@v8@@@4@N@Z 0000000180002649 f   node:node.exe
 0001:00001658       ??0_System_error@std@@QEAA@AEBV01@@Z 0000000180002658 f i libcpmt:xonce.obj
 0001:000016a8       ??0exception@std@@QEAA@AEBV01@@Z 00000001800026a8 f i libcpmt:xonce.obj
 0001:000016dc       ??0runtime_error@std@@QEAA@AEBV01@@Z 00000001800026dc f i libcpmt:xonce.obj
 0001:00001718       ??0system_error@std@@QEAA@AEBV01@@Z 0000000180002718 f i libcpmt:xonce.obj
 0001:00001770       ??_Gbad_cast@std@@UEAAPEAXI@Z 0000000180002770 f i libcpmt:cout.obj
 0001:00001770       ??_Elength_error@std@@UEAAPEAXI@Z 0000000180002770 f i libcpmt:xthrow.obj
 0001:00001770       ??_Eexception@std@@UEAAPEAXI@Z 0000000180002770 f i libcpmt:xonce.obj
 0001:00001770       ??_Gexception@std@@UEAAPEAXI@Z 0000000180002770 f i libcpmt:xonce.obj
 0001:00001770       ??_Ebad_cast@std@@UEAAPEAXI@Z 0000000180002770 f i libcpmt:cout.obj
 0001:00001770       ??_Ebad_alloc@std@@UEAAPEAXI@Z 0000000180002770 f i libcpmt:xthrow.obj
 0001:00001770       ??_Ebad_array_new_length@std@@UEAAPEAXI@Z 0000000180002770 f i LIBCMT:throw_bad_alloc.obj
 0001:00001770       ??_Gbad_alloc@std@@UEAAPEAXI@Z 0000000180002770 f i libcpmt:xthrow.obj
 0001:00001770       ??_Ebad_exception@std@@UEAAPEAXI@Z 0000000180002770 f i libvcruntime:frame.obj
 0001:00001770       ??_Gbad_array_new_length@std@@UEAAPEAXI@Z 0000000180002770 f i LIBCMT:throw_bad_alloc.obj
 0001:00001770       ??_Glength_error@std@@UEAAPEAXI@Z 0000000180002770 f i libcpmt:xthrow.obj
 0001:00001770       ??_Elogic_error@std@@UEAAPEAXI@Z 0000000180002770 f i libcpmt:xthrow.obj
 0001:00001770       ??_Glogic_error@std@@UEAAPEAXI@Z 0000000180002770 f i libcpmt:xthrow.obj
 0001:00001770       ??_Gbad_exception@std@@UEAAPEAXI@Z 0000000180002770 f i libvcruntime:frame.obj
 0001:000017b4       ?_Execute_once@std@@YAHAEAUonce_flag@1@P6AHPEAX1PEAPEAX@Z1@Z 00000001800027b4 f   libcpmt:xonce.obj
 0001:000017bc       ?what@exception@std@@UEBAPEBDXZ 00000001800027bc f i libcpmt:xonce.obj
 0001:000017d0       ??$_Reallocate_grow_by@V<lambda_319d5e083f45f90dcdce5dce53cbb275>@@D@?$basic_string@DU?$char_traits@D@std@@V?$allocator@D@2@@std@@AEAAAEAV01@_KV<lambda_319d5e083f45f90dcdce5dce53cbb275>@@D@Z 00000001800027d0 f i libcpmt:cout.obj
 0001:0000192c       ??$use_facet@V?$codecvt@DDU_Mbstatet@@@std@@@std@@YAAEBV?$codecvt@DDU_Mbstatet@@@0@AEBVlocale@0@@Z 000000018000292c f i libcpmt:cout.obj
 0001:00001a60       ??$use_facet@V?$ctype@D@std@@@std@@YAAEBV?$ctype@D@0@AEBVlocale@0@@Z 0000000180002a60 f i libcpmt:cout.obj
 0001:00001b94       ??0?$basic_ostream@DU?$char_traits@D@std@@@std@@QEAA@PEAV?$basic_streambuf@DU?$char_traits@D@std@@@1@_N@Z 0000000180002b94 f i libcpmt:cout.obj
 0001:00001c10       ??0?$basic_streambuf@DU?$char_traits@D@std@@@std@@IEAA@XZ 0000000180002c10 f i libcpmt:cout.obj
 0001:00001cc0       ??0_Init_cout@std@@QEAA@XZ 0000000180002cc0 f i libcpmt:cout.obj
 0001:00001d2c       ??0_Locinfo@std@@QEAA@PEBD@Z 0000000180002d2c f i libcpmt:cout.obj
 0001:00001dac       ??0bad_cast@std@@QEAA@AEBV01@@Z 0000000180002dac f i libcpmt:cout.obj
 0001:00001de8       ??0bad_cast@std@@QEAA@XZ   0000000180002de8 f i libcpmt:cout.obj
 0001:00001e08       ??0failure@ios_base@std@@QEAA@AEBV012@@Z 0000000180002e08 f i libcpmt:cout.obj
 0001:00001e60       ??1?$_Yarn@D@std@@QEAA@XZ  0000000180002e60 f i libcpmt:cout.obj
 0001:00001e60       ??1?$_Yarn@_W@std@@QEAA@XZ 0000000180002e60 f i libcpmt:cout.obj
 0001:00001e80       ??1?$basic_filebuf@DU?$char_traits@D@std@@@std@@UEAA@XZ 0000000180002e80 f i libcpmt:cout.obj
 0001:00001f60       ??1?$basic_ios@DU?$char_traits@D@std@@@std@@UEAA@XZ 0000000180002f60 f i libcpmt:cout.obj
 0001:00001f84       ??1?$unique_ptr@V_Facet_base@std@@U?$default_delete@V_Facet_base@std@@@2@@std@@QEAA@XZ 0000000180002f84 f i libcpmt:cout.obj
 0001:00001fa8       ??1_Locinfo@std@@QEAA@XZ   0000000180002fa8 f i libcpmt:cout.obj
 0001:00002048       ??1bad_cast@std@@UEAA@XZ   0000000180003048 f i libcpmt:cout.obj
 0001:00002048       ??1length_error@std@@UEAA@XZ 0000000180003048 f i libcpmt:xthrow.obj
 0001:00002048       ??1bad_alloc@std@@UEAA@XZ  0000000180003048 f i libcpmt:xthrow.obj
 0001:00002048       ??1bad_exception@std@@UEAA@XZ 0000000180003048 f i libvcruntime:frame.obj
 0001:00002048       ??1bad_array_new_length@std@@UEAA@XZ 0000000180003048 f i LIBCMT:throw_bad_alloc.obj
 0001:0000205c       ??1locale@std@@QEAA@XZ     000000018000305c f i libcpmt:cout.obj
 0001:00002098       ??_E?$basic_ostream@DU?$char_traits@D@std@@@std@@$4PPPPPPPM@A@EAAPEAXI@Z 0000000180003098 f i libcpmt:cout.obj
 0001:000020a4       ??_G?$basic_filebuf@DU?$char_traits@D@std@@@std@@UEAAPEAXI@Z 00000001800030a4 f i libcpmt:cout.obj
 0001:000020a4       ??_E?$basic_filebuf@DU?$char_traits@D@std@@@std@@UEAAPEAXI@Z 00000001800030a4 f i libcpmt:cout.obj
 0001:000020d8       ??_G?$basic_ios@DU?$char_traits@D@std@@@std@@UEAAPEAXI@Z 00000001800030d8 f i libcpmt:cout.obj
 0001:000020d8       ??_E?$basic_ios@DU?$char_traits@D@std@@@std@@UEAAPEAXI@Z 00000001800030d8 f i libcpmt:cout.obj
 0001:00002124       ??_G?$basic_ostream@DU?$char_traits@D@std@@@std@@UEAAPEAXI@Z 0000000180003124 f i libcpmt:cout.obj
 0001:00002124       ??_E?$basic_ostream@DU?$char_traits@D@std@@@std@@UEAAPEAXI@Z 0000000180003124 f i libcpmt:cout.obj
 0001:00002194       ??_E?$basic_streambuf@DU?$char_traits@D@std@@@std@@UEAAPEAXI@Z 0000000180003194 f i libcpmt:cout.obj
 0001:00002194       ??_G?$basic_streambuf@DU?$char_traits@D@std@@@std@@UEAAPEAXI@Z 0000000180003194 f i libcpmt:cout.obj
 0001:00002220       ??_E?$codecvt@DDU_Mbstatet@@@std@@MEAAPEAXI@Z 0000000180003220 f i libcpmt:cout.obj
 0001:00002220       ??_G?$codecvt@DDU_Mbstatet@@@std@@MEAAPEAXI@Z 0000000180003220 f i libcpmt:cout.obj
 0001:0000224c       ??_G?$ctype@D@std@@MEAAPEAXI@Z 000000018000324c f i libcpmt:cout.obj
 0001:0000224c       ??_E?$ctype@D@std@@MEAAPEAXI@Z 000000018000324c f i libcpmt:cout.obj
 0001:000022b8       ??_G_Facet_base@std@@UEAAPEAXI@Z 00000001800032b8 f i libcpmt:cout.obj
 0001:000022b8       ??_E_Facet_base@std@@UEAAPEAXI@Z 00000001800032b8 f i libcpmt:cout.obj
 0001:000022e4       ??_Eios_base@std@@UEAAPEAXI@Z 00000001800032e4 f i libcpmt:cout.obj
 0001:000022e4       ??_Gios_base@std@@UEAAPEAXI@Z 00000001800032e4 f i libcpmt:cout.obj
 0001:00002330       ?_Decref@facet@locale@std@@UEAAPEAV_Facet_base@3@XZ 0000000180003330 f i libcpmt:cout.obj
 0001:00002340       ?_Endwrite@?$basic_filebuf@DU?$char_traits@D@std@@@std@@IEAA_NXZ 0000000180003340 f i libcpmt:cout.obj
 0001:00002418       ?_Getcat@?$codecvt@DDU_Mbstatet@@@std@@SA_KPEAPEBVfacet@locale@2@PEBV42@@Z 0000000180003418 f i libcpmt:cout.obj
 0001:000024dc       ?_Getcat@?$ctype@D@std@@SA_KPEAPEBVfacet@locale@2@PEBV42@@Z 00000001800034dc f i libcpmt:cout.obj
 0001:000025c0       ?_Incref@facet@locale@std@@UEAAXXZ 00000001800035c0 f i libcpmt:cout.obj
 0001:000025c8       ?_Init@?$basic_filebuf@DU?$char_traits@D@std@@@std@@IEAAXPEAU_iobuf@@W4_Initfl@12@@Z 00000001800035c8 f i libcpmt:cout.obj
 0001:000026b4       ?_Init@ios_base@std@@IEAAXXZ 00000001800036b4 f i libcpmt:cout.obj
 0001:00002730       ?_Initcvt@?$basic_filebuf@DU?$char_traits@D@std@@@std@@IEAAXAEBV?$codecvt@DDU_Mbstatet@@@2@@Z 0000000180003730 f i libcpmt:cout.obj
 0001:000027c0       ?_Lock@?$basic_filebuf@DU?$char_traits@D@std@@@std@@UEAAXXZ 00000001800037c0 f i libcpmt:cout.obj
 0001:000027dc       ?_Unlock@?$basic_filebuf@DU?$char_traits@D@std@@@std@@UEAAXXZ 00000001800037dc f i libcpmt:cout.obj
 0001:000027f8       ?clear@ios_base@std@@QEAAXH@Z 00000001800037f8 f i libcpmt:cout.obj
 0001:00002864       __acrt_uninitialize_command_line 0000000180003864 f i libucrt:argv_data.obj
 0001:00002864       ?do_always_noconv@?$codecvt@DDU_Mbstatet@@@std@@MEBA_NXZ 0000000180003864 f i libcpmt:cout.obj
 0001:00002868       DllMain                    0000000180003868 f i LIBCMT:dll_dllmain_stub.obj
 0001:00002868       ?do_max_length@codecvt_base@std@@MEBAHXZ 0000000180003868 f i libcpmt:cout.obj
 0001:00002868       ?do_encoding@codecvt_base@std@@MEBAHXZ 0000000180003868 f i libcpmt:cout.obj
 0001:00002868       _get_startup_argv_mode     0000000180003868 f i LIBCMT:argv_mode.obj
 0001:00002870       ?do_out@?$codecvt@DDU_Mbstatet@@@std@@MEBAHAEAU_Mbstatet@@PEBD1AEAPEBDPEAD3AEAPEAD@Z 0000000180003870 f i libcpmt:cout.obj
 0001:00002870       ?do_in@?$codecvt@DDU_Mbstatet@@@std@@MEBAHAEAU_Mbstatet@@PEBD1AEAPEBDPEAD3AEAPEAD@Z 0000000180003870 f i libcpmt:cout.obj
 0001:0000288c       ?do_length@?$codecvt@DDU_Mbstatet@@@std@@MEBAHAEAU_Mbstatet@@PEBD1_K@Z 000000018000388c f i libcpmt:cout.obj
 0001:0000289c       ?do_widen@?$ctype@D@std@@MEBADD@Z 000000018000389c f i libcpmt:cout.obj
 0001:0000289c       ?do_narrow@?$ctype@D@std@@MEBADDD@Z 000000018000389c f i libcpmt:cout.obj
 0001:000028a0       ?do_narrow@?$ctype@D@std@@MEBAPEBDPEBD0DPEAD@Z 00000001800038a0 f i libcpmt:cout.obj
 0001:000028c0       ?do_tolower@?$ctype@D@std@@MEBADD@Z 00000001800038c0 f i libcpmt:cout.obj
 0001:000028d0       ?do_tolower@?$ctype@D@std@@MEBAPEBDPEADPEBD@Z 00000001800038d0 f i libcpmt:cout.obj
 0001:00002930       ?do_toupper@?$ctype@D@std@@MEBADD@Z 0000000180003930 f i libcpmt:cout.obj
 0001:00002940       ?do_toupper@?$ctype@D@std@@MEBAPEBDPEADPEBD@Z 0000000180003940 f i libcpmt:cout.obj
 0001:000029a0       ?do_unshift@?$codecvt@DDU_Mbstatet@@@std@@MEBAHAEAU_Mbstatet@@PEAD1AEAPEAD@Z 00000001800039a0 f i libcpmt:cout.obj
 0001:000029b0       ?do_widen@?$ctype@D@std@@MEBAPEBDPEBD0PEAD@Z 00000001800039b0 f i libcpmt:cout.obj
 0001:000029d0       ?imbue@?$basic_filebuf@DU?$char_traits@D@std@@@std@@MEAAXAEBVlocale@2@@Z 00000001800039d0 f i libcpmt:cout.obj
 0001:000029f4       ?init@?$basic_ios@DU?$char_traits@D@std@@@std@@IEAAXPEAV?$basic_streambuf@DU?$char_traits@D@std@@@2@_N@Z 00000001800039f4 f i libcpmt:cout.obj
 0001:00002ab4       ?overflow@?$basic_filebuf@DU?$char_traits@D@std@@@std@@MEAAHH@Z 0000000180003ab4 f i libcpmt:cout.obj
 0001:00002c3c       ?overflow@?$basic_streambuf@DU?$char_traits@D@std@@@std@@MEAAHH@Z 0000000180003c3c f i libcpmt:cout.obj
 0001:00002c3c       ?underflow@?$basic_streambuf@DU?$char_traits@D@std@@@std@@MEAAHXZ 0000000180003c3c f i libcpmt:cout.obj
 0001:00002c3c       ?pbackfail@?$basic_streambuf@DU?$char_traits@D@std@@@std@@MEAAHH@Z 0000000180003c3c f i libcpmt:cout.obj
 0001:00002c40       ?pbackfail@?$basic_filebuf@DU?$char_traits@D@std@@@std@@MEAAHH@Z 0000000180003c40 f i libcpmt:cout.obj
 0001:00002d0c       ?seekoff@?$basic_filebuf@DU?$char_traits@D@std@@@std@@MEAA?AV?$fpos@U_Mbstatet@@@2@_JHH@Z 0000000180003d0c f i libcpmt:cout.obj
 0001:00002df0       ?seekpos@?$basic_streambuf@DU?$char_traits@D@std@@@std@@MEAA?AV?$fpos@U_Mbstatet@@@2@V32@H@Z 0000000180003df0 f i libcpmt:cout.obj
 0001:00002df0       ?seekoff@?$basic_streambuf@DU?$char_traits@D@std@@@std@@MEAA?AV?$fpos@U_Mbstatet@@@2@_JHH@Z 0000000180003df0 f i libcpmt:cout.obj
 0001:00002e04       ?seekpos@?$basic_filebuf@DU?$char_traits@D@std@@@std@@MEAA?AV?$fpos@U_Mbstatet@@@2@V32@H@Z 0000000180003e04 f i libcpmt:cout.obj
 0001:00002ec0       ?setbuf@?$basic_filebuf@DU?$char_traits@D@std@@@std@@MEAAPEAV?$basic_streambuf@DU?$char_traits@D@std@@@2@PEAD_J@Z 0000000180003ec0 f i libcpmt:cout.obj
 0001:00002f14       ?setbuf@?$basic_streambuf@DU?$char_traits@D@std@@@std@@MEAAPEAV12@PEAD_J@Z 0000000180003f14 f i libcpmt:cout.obj
 0001:00002f18       ?showmanyc@?$basic_streambuf@DU?$char_traits@D@std@@@std@@MEAA_JXZ 0000000180003f18 f i libcpmt:cout.obj
 0001:00002f18       ?sync@?$basic_streambuf@DU?$char_traits@D@std@@@std@@MEAAHXZ 0000000180003f18 f i libcpmt:cout.obj
 0001:00002f1c       ?sync@?$basic_filebuf@DU?$char_traits@D@std@@@std@@MEAAHXZ 0000000180003f1c f i libcpmt:cout.obj
 0001:00002f68       ?uflow@?$basic_filebuf@DU?$char_traits@D@std@@@std@@MEAAHXZ 0000000180003f68 f i libcpmt:cout.obj
 0001:00003224       ?uflow@?$basic_streambuf@DU?$char_traits@D@std@@@std@@MEAAHXZ 0000000180004224 f i libcpmt:cout.obj
 0001:00003260       ?underflow@?$basic_filebuf@DU?$char_traits@D@std@@@std@@MEAAHXZ 0000000180004260 f i libcpmt:cout.obj
 0001:000032c4       ?widen@?$basic_ios@DU?$char_traits@D@std@@@std@@QEBADD@Z 00000001800042c4 f i libcpmt:cout.obj
 0001:00003358       ?xsgetn@?$basic_filebuf@DU?$char_traits@D@std@@@std@@MEAA_JPEAD_J@Z 0000000180004358 f i libcpmt:cout.obj
 0001:000034a0       ?xsgetn@?$basic_streambuf@DU?$char_traits@D@std@@@std@@MEAA_JPEAD_J@Z 00000001800044a0 f i libcpmt:cout.obj
 0001:0000355c       ?xsputn@?$basic_filebuf@DU?$char_traits@D@std@@@std@@MEAA_JPEBD_J@Z 000000018000455c f i libcpmt:cout.obj
 0001:00003620       ?xsputn@?$basic_streambuf@DU?$char_traits@D@std@@@std@@MEAA_JPEBD_J@Z 0000000180004620 f i libcpmt:cout.obj
 0001:000036e0       ??0bad_alloc@std@@QEAA@AEBV01@@Z 00000001800046e0 f i libcpmt:xthrow.obj
 0001:0000371c       ??0bad_alloc@std@@QEAA@XZ  000000018000471c f i libcpmt:xthrow.obj
 0001:0000373c       ??0length_error@std@@QEAA@AEBV01@@Z 000000018000473c f i libcpmt:xthrow.obj
 0001:00003778       ??0length_error@std@@QEAA@PEBD@Z 0000000180004778 f i libcpmt:xthrow.obj
 0001:000037c0       ??0logic_error@std@@QEAA@AEBV01@@Z 00000001800047c0 f i libcpmt:xthrow.obj
 0001:000037fc       ??0runtime_error@std@@QEAA@PEBD@Z 00000001800047fc f i libcpmt:xthrow.obj
 0001:00003844       ?_Xlength_error@std@@YAXPEBD@Z 0000000180004844 f   libcpmt:xthrow.obj
 0001:00003868       ?_Xruntime_error@std@@YAXPEBD@Z 0000000180004868 f   libcpmt:xthrow.obj
 0001:0000388c       ?_Syserror_map@std@@YAPEBDH@Z 000000018000488c f   libcpmt:syserror.obj
 0001:00003c6c       __crtInitOnceExecuteOnce   0000000180004c6c f   libcpmt:winapisupp.obj
 0001:00003d34       __crtInitializeCriticalSectionEx 0000000180004d34 f   libcpmt:winapisupp.obj
 0001:00003d60       ??0_Init_locks@std@@QEAA@XZ 0000000180004d60 f   libcpmt:xlock.obj
 0001:00003dac       ??0_Lockit@std@@QEAA@H@Z   0000000180004dac f   libcpmt:xlock.obj
 0001:00003de8       ??1_Init_locks@std@@QEAA@XZ 0000000180004de8 f   libcpmt:xlock.obj
 0001:00003e2c       ??1_Lockit@std@@QEAA@XZ    0000000180004e2c f   libcpmt:xlock.obj
 0001:00003e60       ??4?$_Yarn@D@std@@QEAAAEAV01@PEBD@Z 0000000180004e60 f i libcpmt:locale0.obj
 0001:00003ed8       ??_E_Locimp@locale@std@@MEAAPEAXI@Z 0000000180004ed8 f i libcpmt:locale0.obj
 0001:00003ed8       ??_G_Locimp@locale@std@@MEAAPEAXI@Z 0000000180004ed8 f i libcpmt:locale0.obj
 0001:00003f44       ?_Facet_Register@std@@YAXPEAV_Facet_base@1@@Z 0000000180004f44 f   libcpmt:locale0.obj
 0001:00003f7c       ?_Getgloballocale@locale@std@@CAPEAV_Locimp@12@XZ 0000000180004f7c f   libcpmt:locale0.obj
 0001:00003f84       ?_Init@locale@std@@CAPEAV_Locimp@12@_N@Z 0000000180004f84 f   libcpmt:locale0.obj
 0001:00004030       ?_Locimp_dtor@_Locimp@locale@std@@CAXPEAV123@@Z 0000000180005030 f   libcpmt:locale0.obj
 0001:000040ac       ?_Locinfo_ctor@_Locinfo@std@@SAXPEAV12@PEBD@Z 00000001800050ac f   libcpmt:locale0.obj
 0001:00004118       ?_Locinfo_dtor@_Locinfo@std@@SAXPEAV12@@Z 0000000180005118 f   libcpmt:locale0.obj
 0001:00004134       ?_New_Locimp@_Locimp@locale@std@@CAPEAV123@_N@Z 0000000180005134 f   libcpmt:locale0.obj
 0001:000041a4       ?_Setgloballocale@locale@std@@CAXPEAX@Z 00000001800051a4 f   libcpmt:locale0.obj
 0001:000041d8       _Deletegloballocale        00000001800051d8 f   libcpmt:locale0.obj
 0001:00004248       _Getctype                  0000000180005248 f   libcpmt:_tolower.obj
 0001:00004308       _Tolower                   0000000180005308 f   libcpmt:_tolower.obj
 0001:00004438       _Toupper                   0000000180005438 f   libcpmt:_toupper.obj
 0001:00004578       ?_Addstd@ios_base@std@@SAXPEAV12@@Z 0000000180005578 f   libcpmt:ios.obj
 0001:000045f0       ?_Ios_base_dtor@ios_base@std@@CAXPEAV12@@Z 00000001800055f0 f   libcpmt:ios.obj
 0001:00004668       ?_Tidy@ios_base@std@@AEAAXXZ 0000000180005668 f i libcpmt:ios.obj
 0001:000046f4       ?_Atexit@@YAXP6AXXZ@Z      00000001800056f4 f   libcpmt:iosptrs.obj
 0001:00004730       _Mtxdst                    0000000180005730 f   libcpmt:xmtx.obj
 0001:00004738       _Mtxinit                   0000000180005738 f   libcpmt:xmtx.obj
 0001:00004748       _Mtxlock                   0000000180005748 f   libcpmt:xmtx.obj
 0001:00004750       _Mtxunlock                 0000000180005750 f   libcpmt:xmtx.obj
 0001:00004758       __local_stdio_printf_options 0000000180005758 f i libcpmt:locale.obj
 0001:00004760       __crtLCMapStringA          0000000180005760 f   libcpmt:StlLCMapStringA.obj
 0001:00004a14       GetTableIndexFromLocaleName 0000000180005a14 f   libcpmt:winapinls.obj
 0001:00004aa4       __crtDownlevelLocaleNameToLCID 0000000180005aa4 f   libcpmt:winapinls.obj
 0001:00004ad8       __crtLCMapStringEx         0000000180005ad8 f   libcpmt:winapinls.obj
 0001:00004b6c       __wcsnicmp_ascii           0000000180005b6c f   libcpmt:winapinls.obj
 0001:00004bf0       __security_check_cookie    0000000180005bf0 f   LIBCMT:amdsecgs.obj
 0001:00004c14       ??2@YAPEAX_K@Z             0000000180005c14 f   LIBCMT:new_scalar.obj
 0001:00004c50       ??3@YAXPEAX_K@Z            0000000180005c50 f   LIBCMT:delete_scalar_size.obj
 0001:00004c50       ??_V@YAXPEAX@Z             0000000180005c50 f   LIBCMT:delete_array.obj
 0001:00004f78       _DllMainCRTStartup         0000000180005f78 f   LIBCMT:dll_dllmain.obj
 0001:00004fb8       __GSHandlerCheck           0000000180005fb8 f   LIBCMT:gshandler.obj
 0001:00004fd8       __GSHandlerCheckCommon     0000000180005fd8 f   LIBCMT:gshandler.obj
 0001:00005034       __GSHandlerCheck_EH        0000000180006034 f   LIBCMT:gshandlereh.obj
 0001:000050b4       ??_Gtype_info@@UEAAPEAXI@Z 00000001800060b4 f i LIBCMT:std_type_info_static.obj
 0001:000050b4       ??_Etype_info@@UEAAPEAXI@Z 00000001800060b4 f i LIBCMT:std_type_info_static.obj
 0001:000050e0       __scrt_acquire_startup_lock 00000001800060e0 f   LIBCMT:utility.obj
 0001:0000511c       __scrt_dllmain_after_initialize_c 000000018000611c f   LIBCMT:utility.obj
 0001:00005150       __scrt_dllmain_before_initialize_c 0000000180006150 f   LIBCMT:utility.obj
 0001:00005168       __scrt_dllmain_crt_thread_attach 0000000180006168 f   LIBCMT:utility.obj
 0001:00005190       __scrt_dllmain_crt_thread_detach 0000000180006190 f   LIBCMT:utility.obj
 0001:000051a8       __scrt_dllmain_exception_filter 00000001800061a8 f   LIBCMT:utility.obj
 0001:00005208       __scrt_dllmain_uninitialize_c 0000000180006208 f   LIBCMT:utility.obj
 0001:00005238       __scrt_dllmain_uninitialize_critical 0000000180006238 f   LIBCMT:utility.obj
 0001:0000524c       __scrt_initialize_crt      000000018000624c f   LIBCMT:utility.obj
 0001:00005298       __scrt_initialize_onexit_tables 0000000180006298 f   LIBCMT:utility.obj
 0001:00005324       __scrt_is_nonwritable_in_current_image 0000000180006324 f   LIBCMT:utility.obj
 0001:000053bc       __scrt_release_startup_lock 00000001800063bc f   LIBCMT:utility.obj
 0001:000053e0       __scrt_uninitialize_crt    00000001800063e0 f   LIBCMT:utility.obj
 0001:0000540c       _onexit                    000000018000640c f   LIBCMT:utility.obj
 0001:00005448       atexit                     0000000180006448 f   LIBCMT:utility.obj
 0001:00005470       _alloca_probe              0000000180006470 f   LIBCMT:chkstk.obj
 0001:00005470       __chkstk                   0000000180006470 f   LIBCMT:chkstk.obj
 0001:000054c4       __raise_securityfailure    00000001800064c4 f   LIBCMT:gs_report.obj
 0001:000054f8       __report_gsfailure         00000001800064f8 f   LIBCMT:gs_report.obj
 0001:000055cc       __report_rangecheckfailure 00000001800065cc f   LIBCMT:gs_report.obj
 0001:000055e0       __report_securityfailure   00000001800065e0 f   LIBCMT:gs_report.obj
 0001:00005760       ??0bad_array_new_length@std@@QEAA@AEBV01@@Z 0000000180006760 f i LIBCMT:throw_bad_alloc.obj
 0001:0000579c       ??0bad_array_new_length@std@@QEAA@XZ 000000018000679c f i LIBCMT:throw_bad_alloc.obj
 0001:000057bc       ?__scrt_throw_std_bad_alloc@@YAXXZ 00000001800067bc f   LIBCMT:throw_bad_alloc.obj
 0001:000057dc       ?__scrt_throw_std_bad_array_new_length@@YAXXZ 00000001800067dc f   LIBCMT:throw_bad_alloc.obj
 0001:000057fc       ??3@YAXPEAX@Z              00000001800067fc f   LIBCMT:delete_scalar.obj
 0001:00005804       __security_init_cookie     0000000180006804 f   LIBCMT:gs_support.obj
 0001:000058b0       ?__scrt_initialize_type_info@@YAXXZ 00000001800068b0 f   LIBCMT:tncleanup.obj
 0001:000058c0       ?__scrt_uninitialize_type_info@@YAXXZ 00000001800068c0 f   LIBCMT:tncleanup.obj
 0001:000058cc       __local_stdio_scanf_options 00000001800068cc f i LIBCMT:default_local_stdio_options.obj
 0001:000058d4       __scrt_initialize_default_local_stdio_options 00000001800068d4 f   LIBCMT:default_local_stdio_options.obj
 0001:000058f0       __scrt_get_dyn_tls_init_callback 00000001800068f0 f   LIBCMT:dyn_tls_init.obj
 0001:000058f8       __crt_debugger_hook        00000001800068f8 f   LIBCMT:utility_desktop.obj
 0001:00005900       __scrt_fastfail            0000000180006900 f   LIBCMT:utility_desktop.obj
 0001:00005a4c       _RTC_Initialize            0000000180006a4c f   LIBCMT:initsect.obj
 0001:00005a88       _RTC_Terminate             0000000180006a88 f   LIBCMT:initsect.obj
 0001:00005ad0       __isa_available_init       0000000180006ad0 f   LIBCMT:cpu_disp.obj
 0001:00005c4c       __scrt_is_ucrt_dll_in_use  0000000180006c4c f   LIBCMT:ucrt_detection.obj
 0001:00005c58       __std_exception_copy       0000000180006c58 f   libvcruntime:std_exception.obj
 0001:00005ce8       __std_exception_destroy    0000000180006ce8 f   libvcruntime:std_exception.obj
 0001:00005d10       _CxxThrowException         0000000180006d10 f   libvcruntime:throw.obj
 0001:00005dd0       ??$_CallSETranslator@V__FrameHandler3@@@@YAHPEAUEHExceptionRecord@@PEA_KPEAU_CONTEXT@@PEAU_xDISPATCHER_CONTEXT@@PEBU_s_FuncInfo@@K1@Z 0000000180006dd0 f i libvcruntime:risctrnsctrl.obj
 0001:00005e24       ?CatchTryBlock@__FrameHandler3@@SAPEBU_s_TryBlockMapEntry@@PEBU_s_FuncInfo@@H@Z 0000000180006e24 f   libvcruntime:risctrnsctrl.obj
 0001:00005e78       ?ExecutionInCatch@__FrameHandler3@@SA_NPEAU_xDISPATCHER_CONTEXT@@PEBU_s_FuncInfo@@@Z 0000000180006e78 f   libvcruntime:risctrnsctrl.obj
 0001:00005ea4       ?FrameUnwindToEmptyState@__FrameHandler3@@SAXPEA_KPEAU_xDISPATCHER_CONTEXT@@PEBU_s_FuncInfo@@@Z 0000000180006ea4 f   libvcruntime:risctrnsctrl.obj
 0001:00005f08       ?GetEstablisherFrame@__FrameHandler3@@SAPEA_KPEA_KPEAU_xDISPATCHER_CONTEXT@@PEBU_s_FuncInfo@@0@Z 0000000180006f08 f   libvcruntime:risctrnsctrl.obj
 0001:00005fd4       ?GetRangeOfTrysToCheck@__FrameHandler3@@SA?AU?$pair@Viterator@TryBlockMap@__FrameHandler3@@V123@@std@@AEAVTryBlockMap@1@HPEAU_xDISPATCHER_CONTEXT@@PEBU_s_FuncInfo@@H@Z 0000000180006fd4 f   libvcruntime:risctrnsctrl.obj
 0001:00006114       ?UnwindNestedFrames@__FrameHandler3@@SAXPEA_KPEAUEHExceptionRecord@@PEAU_CONTEXT@@0PEAXPEBU_s_FuncInfo@@HHPEBU_s_HandlerType@@PEAU_xDISPATCHER_CONTEXT@@E@Z 0000000180007114 f   libvcruntime:risctrnsctrl.obj
 0001:00006238       _CreateFrameInfo           0000000180007238 f   libvcruntime:risctrnsctrl.obj
 0001:00006274       _FindAndUnlinkFrame        0000000180007274 f   libvcruntime:risctrnsctrl.obj
 0001:000062c8       _GetImageBase              00000001800072c8 f   libvcruntime:risctrnsctrl.obj
 0001:000062dc       _GetThrowImageBase         00000001800072dc f   libvcruntime:risctrnsctrl.obj
 0001:000062f0       _SetImageBase              00000001800072f0 f   libvcruntime:risctrnsctrl.obj
 0001:00006308       _SetThrowImageBase         0000000180007308 f   libvcruntime:risctrnsctrl.obj
 0001:00006320       __CxxFrameHandler3         0000000180007320 f   libvcruntime:risctrnsctrl.obj
 0001:000063c0       memcpy_repmovs             00000001800073c0 f   libvcruntime:memcpy.obj
 0001:000063e0       memmove                    00000001800073e0 f   libvcruntime:memcpy.obj
 0001:000063e0       memcpy                     00000001800073e0 f   libvcruntime:memcpy.obj
 0001:000067d0       memset_repmovs             00000001800077d0 f   libvcruntime:memset.obj
 0001:000067f0       memset                     00000001800077f0 f   libvcruntime:memset.obj
 0001:00006980       _purecall                  0000000180007980 f   libvcruntime:purevirt.obj
 0001:0000699c       __DestructExceptionObject  000000018000799c f   libvcruntime:ehhelpers.obj
 0001:00006a10       ?_CallMemberFunction0@@YAXQEAX0@Z 0000000180007a10 f i libvcruntime:ehhelpers.obj
 0001:00006a14       _IsExceptionObjectToBeDestroyed 0000000180007a14 f   libvcruntime:ehhelpers.obj
 0001:00006a44       __AdjustPointer            0000000180007a44 f   libvcruntime:ehhelpers.obj
 0001:00006a68       __FrameUnwindFilter        0000000180007a68 f   libvcruntime:ehhelpers.obj
 0001:00006ab4       __std_terminate            0000000180007ab4 f   libvcruntime:ehhelpers.obj
 0001:00006ad0       memchr                     0000000180007ad0 f   libvcruntime:memchr.obj
 0001:00006b50       memcmp                     0000000180007b50 f   libvcruntime:memcmp.obj
 0001:00006c18       __C_specific_handler       0000000180007c18 f   libvcruntime:riscchandler.obj
 0001:00006e24       __vcrt_initialize          0000000180007e24 f   libvcruntime:initialization.obj
 0001:00006e4c       __vcrt_thread_attach       0000000180007e4c f   libvcruntime:initialization.obj
 0001:00006e60       __vcrt_thread_detach       0000000180007e60 f   libvcruntime:initialization.obj
 0001:00006e74       __vcrt_uninitialize        0000000180007e74 f   libvcruntime:initialization.obj
 0001:00006e90       __vcrt_uninitialize_critical 0000000180007e90 f   libvcruntime:initialization.obj
 0001:00006ea0       __std_type_info_compare    0000000180007ea0 f   libvcruntime:std_type_info.obj
 0001:00006ec8       __std_type_info_destroy_list 0000000180007ec8 f   libvcruntime:std_type_info.obj
 0001:00006ef4       __vcrt_freefls             0000000180007ef4 f   libvcruntime:per_thread_data.obj
 0001:00006f14       __vcrt_freeptd             0000000180007f14 f   libvcruntime:per_thread_data.obj
 0001:00006f64       __vcrt_getptd              0000000180007f64 f   libvcruntime:per_thread_data.obj
 0001:00006f80       __vcrt_getptd_noexit       0000000180007f80 f   libvcruntime:per_thread_data.obj
 0001:00007040       __vcrt_initialize_ptd      0000000180008040 f   libvcruntime:per_thread_data.obj
 0001:00007088       __vcrt_uninitialize_ptd    0000000180008088 f   libvcruntime:per_thread_data.obj
 0001:000070ac       ?GetCurrentState@__FrameHandler3@@SAHPEA_KPEAU_xDISPATCHER_CONTEXT@@PEBU_s_FuncInfo@@@Z 00000001800080ac f   libvcruntime:ehstate.obj
 0001:000070d4       ?GetUnwindTryBlock@__FrameHandler3@@SAHPEA_KPEAU_xDISPATCHER_CONTEXT@@PEBU_s_FuncInfo@@@Z 00000001800080d4 f   libvcruntime:ehstate.obj
 0001:00007100       ?SetState@__FrameHandler3@@SAXPEA_KPEBU_s_FuncInfo@@H@Z 0000000180008100 f   libvcruntime:ehstate.obj
 0001:0000710c       ?SetUnwindTryBlock@__FrameHandler3@@SAXPEA_KPEAU_xDISPATCHER_CONTEXT@@PEBU_s_FuncInfo@@H@Z 000000018000810c f   libvcruntime:ehstate.obj
 0001:00007148       ?StateFromControlPc@__FrameHandler3@@SAHPEBU_s_FuncInfo@@PEAU_xDISPATCHER_CONTEXT@@@Z 0000000180008148 f   libvcruntime:ehstate.obj
 0001:00007150       ?StateFromIp@__FrameHandler3@@SAHPEBU_s_FuncInfo@@PEAU_xDISPATCHER_CONTEXT@@_K@Z 0000000180008150 f   libvcruntime:ehstate.obj
 0001:00007c3c       ??$TypeMatchHelper@V__FrameHandler3@@@@YAHPEBU_s_HandlerType@@PEBU_s_CatchableType@@PEBU_s_ThrowInfo@@@Z 0000000180008c3c f i libvcruntime:frame.obj
 0001:00007d80       ??$__InternalCxxFrameHandler@V__FrameHandler3@@@@YA?AW4_EXCEPTION_DISPOSITION@@PEAUEHExceptionRecord@@PEA_KPEAU_CONTEXT@@PEAU_xDISPATCHER_CONTEXT@@PEBU_s_FuncInfo@@H1E@Z 0000000180008d80 f i libvcruntime:frame.obj
 0001:00007fc8       ??0bad_exception@std@@QEAA@AEBV01@@Z 0000000180008fc8 f i libvcruntime:frame.obj
 0001:00008004       ??0bad_exception@std@@QEAA@XZ 0000000180009004 f i libvcruntime:frame.obj
 0001:00008024       ?CxxCallCatchBlock@__FrameHandler3@@SAPEAXPEAU_EXCEPTION_RECORD@@@Z 0000000180009024 f   libvcruntime:frame.obj
 0001:00008298       ?FrameUnwindToState@__FrameHandler3@@SAXPEA_KPEAU_xDISPATCHER_CONTEXT@@PEBU_s_FuncInfo@@H@Z 0000000180009298 f   libvcruntime:frame.obj
 0001:00008424       ?GetHandlerSearchState@__FrameHandler3@@SAHPEA_KPEAU_xDISPATCHER_CONTEXT@@PEBU_s_FuncInfo@@@Z 0000000180009424 f i libvcruntime:frame.obj
 0001:00008634       ?_CallMemberFunction1@@YAXQEAX00@Z 0000000180009634 f i libvcruntime:frame.obj
 0001:00008640       ?_CallMemberFunction2@@YAXQEAX00H@Z 0000000180009640 f i libvcruntime:frame.obj
 0001:00008660       _NLG_Notify                0000000180009660 f   libvcruntime:notify.obj
 0001:00008680       __NLG_Dispatch2            0000000180009680 f   libvcruntime:notify.obj
 0001:00008690       __NLG_Return2              0000000180009690 f   libvcruntime:notify.obj
 0001:00008694       __except_validate_context_record 0000000180009694 f   libvcruntime:jbcxrval.obj
 0001:000086cc       __vcrt_initialize_locks    00000001800096cc f   libvcruntime:locks.obj
 0001:00008714       __vcrt_uninitialize_locks  0000000180009714 f   libvcruntime:locks.obj
 0001:000088a8       __vcrt_FlsAlloc            00000001800098a8 f   libvcruntime:winapi_downlevel.obj
 0001:000088f0       __vcrt_FlsFree             00000001800098f0 f   libvcruntime:winapi_downlevel.obj
 0001:00008938       __vcrt_FlsGetValue         0000000180009938 f   libvcruntime:winapi_downlevel.obj
 0001:00008980       __vcrt_FlsSetValue         0000000180009980 f   libvcruntime:winapi_downlevel.obj
 0001:000089d4       __vcrt_InitializeCriticalSectionEx 00000001800099d4 f   libvcruntime:winapi_downlevel.obj
 0001:00008a50       _CallSettingFrame          0000000180009a50 f   libvcruntime:handlers.obj
 0001:00008aa0       _CallSettingFrameEncoded   0000000180009aa0 f   libvcruntime:handlers.obj
 0001:00008ae8       __acrt_call_reportfault    0000000180009ae8 f   libucrt:invalid_parameter.obj
 0001:00008c44       __acrt_initialize_invalid_parameter_handler 0000000180009c44 f   libucrt:invalid_parameter.obj
 0001:00008c4c       _invalid_parameter         0000000180009c4c f   libucrt:invalid_parameter.obj
 0001:00008cfc       _invalid_parameter_noinfo  0000000180009cfc f   libucrt:invalid_parameter.obj
 0001:00008d1c       _invalid_parameter_noinfo_noreturn 0000000180009d1c f   libucrt:invalid_parameter.obj
 0001:00008d4c       _invoke_watson             0000000180009d4c f   libucrt:invalid_parameter.obj
 0001:00008d94       ??0_LocaleUpdate@@QEAA@QEAU__crt_locale_pointers@@@Z 0000000180009d94 f i libucrt:stricmp.obj
 0001:00008e30       ??1_LocaleUpdate@@QEAA@XZ  0000000180009e30 f i libucrt:stricmp.obj
 0001:00008e44       __ascii_stricmp            0000000180009e44 f   libucrt:stricmp.obj
 0001:00008e84       _stricmp                   0000000180009e84 f   libucrt:stricmp.obj
 0001:00008ecc       _stricmp_l                 0000000180009ecc f   libucrt:stricmp.obj
 0001:00008f80       terminate                  0000000180009f80 f   libucrt:terminate.obj
 0001:00008fa0       free                       0000000180009fa0 f   libucrt:free.obj
 0001:00008fb4       __acrt_initialize_stdio    0000000180009fb4 f   libucrt:_file.obj
 0001:000090d4       __acrt_iob_func            000000018000a0d4 f   libucrt:_file.obj
 0001:000090e8       __acrt_uninitialize_stdio  000000018000a0e8 f   libucrt:_file.obj
 0001:00009144       _get_stream_buffer_pointers 000000018000a144 f   libucrt:_file.obj
 0001:0000918c       _lock_file                 000000018000a18c f   libucrt:_file.obj
 0001:00009198       _unlock_file               000000018000a198 f   libucrt:_file.obj
 0001:000091a4       _fclose_nolock             000000018000a1a4 f   libucrt:fclose.obj
 0001:00009228       fclose                     000000018000a228 f   libucrt:fclose.obj
 0001:000094a8       __acrt_stdio_flush_nolock  000000018000a4a8 f   libucrt:fflush.obj
 0001:00009524       _fflush_nolock             000000018000a524 f   libucrt:fflush.obj
 0001:00009570       _flushall                  000000018000a570 f   libucrt:fflush.obj
 0001:00009578       fflush                     000000018000a578 f   libucrt:fflush.obj
 0001:000095e0       _fgetc_nolock              000000018000a5e0 f   libucrt:fgetc.obj
 0001:00009624       fgetc                      000000018000a624 f   libucrt:fgetc.obj
 0001:0000972c       fgetpos                    000000018000a72c f   libucrt:fgetpos.obj
 0001:00009778       fputc                      000000018000a778 f   libucrt:fputc.obj
 0001:0000989c       _fread_nolock_s            000000018000a89c f   libucrt:fread.obj
 0001:00009b2c       fread                      000000018000ab2c f   libucrt:fread.obj
 0001:00009b4c       fread_s                    000000018000ab4c f   libucrt:fread.obj
 0001:00009bf4       fsetpos                    000000018000abf4 f   libucrt:fsetpos.obj
 0001:00009e34       _fseeki64                  000000018000ae34 f   libucrt:fseek.obj
 0001:00009ee0       _fwrite_nolock             000000018000aee0 f   libucrt:fwrite.obj
 0001:0000a08c       fwrite                     000000018000b08c f   libucrt:fwrite.obj
 0001:0000a230       setvbuf                    000000018000b230 f   libucrt:setvbuf.obj
 0001:0000a2cc       _ungetc_nolock             000000018000b2cc f   libucrt:ungetc.obj
 0001:0000a3f4       ungetc                     000000018000b3f4 f   libucrt:ungetc.obj
 0001:0000a44c       __acrt_initialize_locks    000000018000b44c f   libucrt:locks.obj
 0001:0000a494       __acrt_lock                000000018000b494 f   libucrt:locks.obj
 0001:0000a4b0       __acrt_uninitialize_locks  000000018000b4b0 f   libucrt:locks.obj
 0001:0000a4e8       __acrt_unlock              000000018000b4e8 f   libucrt:locks.obj
 0001:0000a504       _lock_locales              000000018000b504 f   libucrt:locks.obj
 0001:0000a520       _unlock_locales            000000018000b520 f   libucrt:locks.obj
 0001:0000a530       malloc                     000000018000b530 f   libucrt:malloc.obj
 0001:0000a818       setlocale                  000000018000b818 f   libucrt:setlocale.obj
 0001:0000a864       __pctype_func              000000018000b864 f   libucrt:ctype.obj
 0001:0000a894       islower                    000000018000b894 f i libucrt:_ctype.obj
 0001:0000a928       isupper                    000000018000b928 f i libucrt:_ctype.obj
 0001:0000a9bc       _wcsdup                    000000018000b9bc f   libucrt:wcsdup.obj
 0001:0000aa40       calloc                     000000018000ba40 f   libucrt:calloc.obj
 0001:0000aa48       ___lc_codepage_func        000000018000ba48 f   libucrt:initctype.obj
 0001:0000aa78       ___lc_locale_name_func     000000018000ba78 f   libucrt:initctype.obj
 0001:0000aaac       __acrt_locale_initialize_ctype 000000018000baac f   libucrt:initctype.obj
 0001:0000b0fc       abort                      000000018000c0fc f   libucrt:abort.obj
 0001:0000b154       __acrt_errno_from_os_error 000000018000c154 f   libucrt:errno.obj
 0001:0000b19c       __acrt_errno_map_os_error  000000018000c19c f   libucrt:errno.obj
 0001:0000b1ec       __doserrno                 000000018000c1ec f   libucrt:errno.obj
 0001:0000b20c       _errno                     000000018000c20c f   libucrt:errno.obj
 0001:0000b230       pow                        000000018000c230 f   libucrt:pow.obj
 0001:0000c8d0       powf                       000000018000d8d0 f   libucrt:powf.obj
 0001:0000d798       __strncnt                  000000018000e798 f   libucrt:strncnt.obj
 0001:0000d7b0       ??$__acrt_mbs_to_wcs_cp@U__crt_win32_buffer_internal_dynamic_resizing@@@@YAHQEBDAEAV?$__crt_win32_buffer@_WU__crt_win32_buffer_internal_dynamic_resizing@@@@I@Z 000000018000e7b0 f i libucrt:strftime.obj
 0001:0000d928       ??$__acrt_wcs_to_mbs_cp@U__crt_win32_buffer_no_resizing@@@@YAHQEB_WAEAV?$__crt_win32_buffer@DU__crt_win32_buffer_no_resizing@@@@I@Z 000000018000e928 f i libucrt:strftime.obj
 0001:0000da9c       _tolower_l                 000000018000ea9c f   libucrt:tolower_toupper.obj
 0001:0000dbdc       wcscpy_s                   000000018000ebdc f   libucrt:wcscpy_s.obj
 0001:0000dc44       wcsnlen                    000000018000ec44 f   libucrt:strnlen.obj
 0001:0000de1c       __acrt_initialize_new_handler 000000018000ee1c f   libucrt:new_handler.obj
 0001:0000de24       _callnewh                  000000018000ee24 f   libucrt:new_handler.obj
 0001:0000de54       _query_new_handler         000000018000ee54 f   libucrt:new_handler.obj
 0001:0000de88       _initterm                  000000018000ee88 f   libucrt:initterm.obj
 0001:0000deec       _initterm_e                000000018000eeec f   libucrt:initterm.obj
 0001:0000df2c       _seh_filter_dll            000000018000ef2c f   libucrt:exception_filter.obj
 0001:0000df40       _seh_filter_exe            000000018000ef40 f   libucrt:exception_filter.obj
 0001:0000e330       __acrt_initialize_thread_local_exit_callback 000000018000f330 f   libucrt:exit.obj
 0001:0000e338       _cexit                     000000018000f338 f   libucrt:exit.obj
 0001:0000e348       _exit                      000000018000f348 f   libucrt:exit.obj
 0001:0000e354       _is_c_termination_complete 000000018000f354 f   libucrt:exit.obj
 0001:0000e520       __acrt_allocate_buffer_for_argv 000000018000f520 f   libucrt:argv_parsing.obj
 0001:0000e580       _configure_narrow_argv     000000018000f580 f   libucrt:argv_parsing.obj
 0001:0000e8f8       __dcrt_uninitialize_environments_nolock 000000018000f8f8 f   libucrt:environment_initialization.obj
 0001:0000e930       _initialize_narrow_environment 000000018000f930 f   libucrt:environment_initialization.obj
 0001:0000ec78       _crt_atexit                000000018000fc78 f   libucrt:onexit.obj
 0001:0000ec88       _execute_onexit_table      000000018000fc88 f   libucrt:onexit.obj
 0001:0000ecc4       _initialize_onexit_table   000000018000fcc4 f   libucrt:onexit.obj
 0001:0000ecec       _register_onexit_function  000000018000fcec f   libucrt:onexit.obj
 0001:0000ee60       __acrt_initialize          000000018000fe60 f   libucrt:initialization.obj
 0001:0000ee74       __acrt_thread_attach       000000018000fe74 f   libucrt:initialization.obj
 0001:0000ee88       __acrt_thread_detach       000000018000fe88 f   libucrt:initialization.obj
 0001:0000ee98       __acrt_uninitialize        000000018000fe98 f   libucrt:initialization.obj
 0001:0000eed0       __acrt_uninitialize_critical 000000018000fed0 f   libucrt:initialization.obj
 0001:0000eee0       strcpy_s                   000000018000fee0 f   libucrt:strcpy_s.obj
 0001:0000ef40       ??$parse_integer@KV?$c_string_character_source@_W@__crt_strtox@@@__crt_strtox@@YAKQEAU__crt_locale_pointers@@V?$c_string_character_source@_W@0@H_N@Z 000000018000ff40 f i libucrt:atox.obj
 0001:0000f5f4       _wtol                      00000001800105f4 f   libucrt:atox.obj
 0001:0000f630       strncmp                    0000000180010630 f   libucrt:strncmp.obj
 0001:0000f6b0       wcsncmp                    00000001800106b0 f   libucrt:wcsncmp.obj
 0001:0000fa54       __acrt_freeptd             0000000180010a54 f   libucrt:per_thread_data.obj
 0001:0000fa98       __acrt_getptd              0000000180010a98 f   libucrt:per_thread_data.obj
 0001:0000fb6c       __acrt_getptd_head         0000000180010b6c f   libucrt:per_thread_data.obj
 0001:0000fc14       __acrt_getptd_noexit       0000000180010c14 f   libucrt:per_thread_data.obj
 0001:0000fce0       __acrt_initialize_ptd      0000000180010ce0 f   libucrt:per_thread_data.obj
 0001:0000fd1c       __acrt_uninitialize_ptd    0000000180010d1c f   libucrt:per_thread_data.obj
 0001:0000fd40       __acrt_update_locale_info  0000000180010d40 f   libucrt:locale_update.obj
 0001:0000fd74       __acrt_update_multibyte_info 0000000180010d74 f   libucrt:locale_update.obj
 0001:00010010       __acrt_copy_locale_name    0000000180011010 f   libucrt:wsetlocale.obj
 0001:00010094       __acrt_set_locale_changed  0000000180011094 f   libucrt:wsetlocale.obj
 0001:000100a0       __acrt_uninitialize_locale 00000001800110a0 f   libucrt:wsetlocale.obj
 0001:000100d0       __lc_lctowcs               00000001800110d0 f   libucrt:wsetlocale.obj
 0001:00010174       __lc_wcstolc               0000000180011174 f   libucrt:wsetlocale.obj
 0001:000103b0       _expandlocale              00000001800113b0 f   libucrt:wsetlocale.obj
 0001:00010794       _wcscats                   0000000180011794 f   libucrt:wsetlocale.obj
 0001:000107fc       _wsetlocale                00000001800117fc f   libucrt:wsetlocale.obj
 0001:00011074       _free_base                 0000000180012074 f   libucrt:free_base.obj
 0001:000110b4       _calloc_base               00000001800120b4 f   libucrt:calloc_base.obj
 0001:000113a8       __acrt_AppPolicyGetProcessTerminationMethodInternal 00000001800123a8 f   libucrt:winapi_thunks.obj
 0001:000113f8       __acrt_AreFileApisANSI     00000001800123f8 f   libucrt:winapi_thunks.obj
 0001:00011434       __acrt_EnumSystemLocalesEx 0000000180012434 f   libucrt:winapi_thunks.obj
 0001:000114cc       __acrt_FlsAlloc            00000001800124cc f   libucrt:winapi_thunks.obj
 0001:00011514       __acrt_FlsFree             0000000180012514 f   libucrt:winapi_thunks.obj
 0001:0001155c       __acrt_FlsGetValue         000000018001255c f   libucrt:winapi_thunks.obj
 0001:000115a4       __acrt_FlsSetValue         00000001800125a4 f   libucrt:winapi_thunks.obj
 0001:000115f8       __acrt_GetLocaleInfoEx     00000001800125f8 f   libucrt:winapi_thunks.obj
 0001:0001167c       __acrt_GetUserDefaultLocaleName 000000018001267c f   libucrt:winapi_thunks.obj
 0001:000116e0       __acrt_InitializeCriticalSectionEx 00000001800126e0 f   libucrt:winapi_thunks.obj
 0001:00011744       __acrt_IsValidLocaleName   0000000180012744 f   libucrt:winapi_thunks.obj
 0001:0001179c       __acrt_LCIDToLocaleName    000000018001279c f   libucrt:winapi_thunks.obj
 0001:0001180c       __acrt_LCMapStringEx       000000018001280c f   libucrt:winapi_thunks.obj
 0001:000118e8       __acrt_LocaleNameToLCID    00000001800128e8 f   libucrt:winapi_thunks.obj
 0001:00011938       __acrt_can_use_vista_locale_apis 0000000180012938 f   libucrt:winapi_thunks.obj
 0001:00011968       __acrt_eagerly_load_locale_apis 0000000180012968 f   libucrt:winapi_thunks.obj
 0001:00011ac4       __acrt_initialize_winapi_thunks 0000000180012ac4 f   libucrt:winapi_thunks.obj
 0001:00011af8       __acrt_uninitialize_winapi_thunks 0000000180012af8 f   libucrt:winapi_thunks.obj
 0001:00011b3c       _fcloseall                 0000000180012b3c f   libucrt:closeall.obj
 0001:00011bf0       __acrt_stdio_free_buffer_nolock 0000000180012bf0 f   libucrt:_freebuf.obj
 0001:00011e2c       __acrt_initialize_lowio    0000000180012e2c f   libucrt:ioinit.obj
 0001:00011e68       __acrt_uninitialize_lowio  0000000180012e68 f   libucrt:ioinit.obj
 0001:00011f1c       _close                     0000000180012f1c f   libucrt:close.obj
 0001:00011fc0       _close_nolock              0000000180012fc0 f   libucrt:close.obj
 0001:00012080       _fileno                    0000000180013080 f   libucrt:fileno.obj
 0001:000120a8       ?__acrt_stdio_free_stream@@YAXV__crt_stdio_stream@@@Z 00000001800130a8 f   libucrt:stream.obj
 0001:00012150       _commit                    0000000180013150 f   libucrt:commit.obj
 0001:00012a50       _write                     0000000180013a50 f   libucrt:write.obj
 0001:00012b3c       _write_nolock              0000000180013b3c f   libucrt:write.obj
 0001:00012e18       __acrt_stdio_refill_and_read_narrow_nolock 0000000180013e18 f   libucrt:_filbuf.obj
 0001:00013454       _ftelli64                  0000000180014454 f   libucrt:ftell.obj
 0001:0001345c       _ftelli64_nolock           000000018001445c f   libucrt:ftell.obj
 0001:000135c0       __acrt_stdio_flush_and_write_narrow_nolock 00000001800145c0 f   libucrt:_flsbuf.obj
 0001:00013c80       _read                      0000000180014c80 f   libucrt:read.obj
 0001:00013d9c       _read_nolock               0000000180014d9c f   libucrt:read.obj
 0001:00014380       _lseeki64                  0000000180015380 f   libucrt:lseek.obj
 0001:00014388       _lseeki64_nolock           0000000180015388 f   libucrt:lseek.obj
 0001:00014390       __acrt_stdio_begin_temporary_buffering_nolock 0000000180015390 f   libucrt:_sftbuf.obj
 0001:00014460       __acrt_stdio_end_temporary_buffering_nolock 0000000180015460 f   libucrt:_sftbuf.obj
 0001:0001449c       _malloc_base               000000018001549c f   libucrt:malloc_base.obj
 0001:000144fc       __acrt_stdio_allocate_buffer_nolock 00000001800154fc f   libucrt:_getbuf.obj
 0001:00014768       _mbstowcs_s_l              0000000180015768 f   libucrt:mbstowcs.obj
 0001:0001489c       mbstowcs_s                 000000018001589c f   libucrt:mbstowcs.obj
 0001:00014c24       _wcstombs_s_l              0000000180015c24 f   libucrt:wcstombs.obj
 0001:00014d10       _isctype_l                 0000000180015d10 f   libucrt:isctype.obj
 0001:00014f9c       __acrt_GetLocaleInfoA      0000000180015f9c f   libucrt:getlocaleinfoa.obj
 0001:00015164       __acrt_GetStringTypeA      0000000180016164 f   libucrt:getstringtypea.obj
 0001:0001560c       __acrt_LCMapStringA        000000018001660c f   libucrt:lcmapstringa.obj
 0001:000156ec       __acrt_get_sigabrt_handler 00000001800166ec f   libucrt:signal.obj
 0001:0001571c       __acrt_initialize_signal_handlers 000000018001671c f   libucrt:signal.obj
 0001:0001573c       raise                      000000018001673c f   libucrt:signal.obj
 0001:000159a8       _raise_exc                 00000001800169a8 f   libucrt:fpexcept.obj
 0001:000159d0       _raise_exc_ex              00000001800169d0 f   libucrt:fpexcept.obj
 0001:00015ce0       _raise_excf                0000000180016ce0 f   libucrt:fpexcept.obj
 0001:00015d0c       _set_errno_from_matherr    0000000180016d0c f   libucrt:fpexcept.obj
 0001:00015d3c       _clrfp                     0000000180016d3c f   libucrt:fpctrl.obj
 0001:00015d5c       _ctrlfp                    0000000180016d5c f   libucrt:fpctrl.obj
 0001:00015dd8       _set_statfp                0000000180016dd8 f   libucrt:fpctrl.obj
 0001:00015df8       _statfp                    0000000180016df8 f   libucrt:fpctrl.obj
 0001:00015e0c       _realloc_base              0000000180016e0c f   libucrt:realloc_base.obj
 0001:00015e88       iswctype                   0000000180016e88 f   libucrt:iswctype.obj
 0001:00015ef8       _mbtowc_l                  0000000180016ef8 f   libucrt:mbtowc.obj
 0001:00016074       mbtowc                     0000000180017074 f   libucrt:mbtowc.obj
 0001:00016080       __acrt_initialize_fma3     0000000180017080 f   libucrt:fma3_available.obj
 0001:000160f0       _pow_special               00000001800170f0 f   libucrt:pow_special.obj
 0001:00016214       _powf_special              0000000180017214 f   libucrt:pow_special.obj
 0001:000163a0       __acrt_MultiByteToWideChar 00000001800173a0 f   libucrt:multibytetowidechar.obj
 0001:000163fc       __acrt_WideCharToMultiByte 00000001800173fc f   libucrt:widechartomultibyte.obj
 0001:00016494       _wcsicmp                   0000000180017494 f   libucrt:wcsicmp.obj
 0001:0001652c       _wcsicmp_l                 000000018001752c f   libucrt:wcsicmp.obj
 0001:0001662c       __acrt_initialize_timeset  000000018001762c f   libucrt:timeset.obj
 0001:00016670       _isleadbyte_l              0000000180017670 f i libucrt:_wctype.obj
 0001:000166bc       __acrt_get_process_end_policy 00000001800176bc f   libucrt:win_policies.obj
 0001:0001670c       ??$__acrt_wcs_to_mbs_cp@U__crt_win32_buffer_internal_dynamic_resizing@@@@YAHQEB_WAEAV?$__crt_win32_buffer@DU__crt_win32_buffer_internal_dynamic_resizing@@@@I@Z 000000018001770c f i libucrt:argv_wildcards.obj
 0001:00016f3c       __acrt_expand_narrow_argv_wildcards 0000000180017f3c f   libucrt:argv_wildcards.obj
 0001:00016f44       __acrt_GetModuleFileNameA  0000000180017f44 f   libucrt:getmodulefilenamea.obj
 0001:00017790       __acrt_initialize_multibyte 0000000180018790 f   libucrt:mbctype.obj
 0001:000177f0       __acrt_update_thread_multibyte_data 00000001800187f0 f   libucrt:mbctype.obj
 0001:0001780c       _setmbcp_nolock            000000018001880c f   libucrt:mbctype.obj
 0001:00017b40       _ismbblead                 0000000180018b40 f   libucrt:ismbbyte.obj
 0001:00017b54       __acrt_initialize_command_line 0000000180018b54 f   libucrt:argv_data.obj
 0001:00017b7c       __dcrt_get_narrow_environment_from_os 0000000180018b7c f   libucrt:get_environment_from_os.obj
 0001:00017c80       _recalloc_base             0000000180018c80 f   libucrt:recalloc.obj
 0001:00017d18       __acrt_initialize_heap     0000000180018d18 f   libucrt:heap_handle.obj
 0001:00017d34       __acrt_uninitialize_heap   0000000180018d34 f   libucrt:heap_handle.obj
 0001:00017d40       __acrt_execute_initializers 0000000180018d40 f   libucrt:shared_initialization.obj
 0001:00017dc0       __acrt_execute_uninitializers 0000000180018dc0 f   libucrt:shared_initialization.obj
 0001:00017dfc       __acrt_has_user_matherr    0000000180018dfc f   libucrt:matherr.obj
 0001:00017e1c       __acrt_initialize_user_matherr 0000000180018e1c f   libucrt:matherr.obj
 0001:00017e24       __acrt_invoke_user_matherr 0000000180018e24 f   libucrt:matherr.obj
 0001:00017e54       __acrt_add_locale_ref      0000000180018e54 f   libucrt:locale_refcounting.obj
 0001:00017ee0       __acrt_free_locale         0000000180018ee0 f   libucrt:locale_refcounting.obj
 0001:00018058       __acrt_locale_add_lc_time_reference 0000000180019058 f   libucrt:locale_refcounting.obj
 0001:00018080       __acrt_locale_free_lc_time_if_unreferenced 0000000180019080 f   libucrt:locale_refcounting.obj
 0001:000180b8       __acrt_locale_release_lc_time_reference 00000001800190b8 f   libucrt:locale_refcounting.obj
 0001:000180e0       __acrt_release_locale_ref  00000001800190e0 f   libucrt:locale_refcounting.obj
 0001:00018188       __acrt_update_thread_locale_data 0000000180019188 f   libucrt:locale_refcounting.obj
 0001:000181f8       _updatetlocinfoEx_nolock   00000001800191f8 f   libucrt:locale_refcounting.obj
 0001:00018260       __acrt_locale_free_monetary 0000000180019260 f   libucrt:initmon.obj
 0001:0001836c       __acrt_locale_initialize_monetary 000000018001936c f   libucrt:initmon.obj
 0001:000188a0       __acrt_locale_free_numeric 00000001800198a0 f   libucrt:initnum.obj
 0001:0001890c       __acrt_locale_initialize_numeric 000000018001990c f   libucrt:initnum.obj
 0001:00018f8c       __acrt_locale_free_time    0000000180019f8c f   libucrt:inittime.obj
 0001:00019094       __acrt_locale_initialize_time 000000018001a094 f   libucrt:inittime.obj
 0001:00019130       wcscat_s                   000000018001a130 f   libucrt:wcscat_s.obj
 0001:000191b0       wcsncpy_s                  000000018001a1b0 f   libucrt:wcsncpy_s.obj
 0001:00019294       wcscspn                    000000018001a294 f   libucrt:wcscspn.obj
 0001:000192d4       wcspbrk                    000000018001a2d4 f   libucrt:wcspbrk.obj
 0001:00019abc       __acrt_get_qualified_locale 000000018001aabc f   libucrt:get_qualified_locale.obj
 0001:0001a4f0       __acrt_get_qualified_locale_downlevel 000000018001b4f0 f   libucrt:getqloc_downlevel.obj
 0001:0001a770       _query_new_mode            000000018001b770 f   libucrt:new_mode.obj
 0001:0001a860       __acrt_DownlevelLCIDToLocaleName 000000018001b860 f   libucrt:lcidtoname_downlevel.obj
 0001:0001a954       __acrt_DownlevelLocaleNameToLCID 000000018001b954 f   libucrt:lcidtoname_downlevel.obj
 0001:0001a988       __acrt_lowio_create_handle_array 000000018001b988 f   libucrt:osfinfo.obj
 0001:0001aa30       __acrt_lowio_destroy_handle_array 000000018001ba30 f   libucrt:osfinfo.obj
 0001:0001aa80       __acrt_lowio_ensure_fh_exists 000000018001ba80 f   libucrt:osfinfo.obj
 0001:0001ab28       __acrt_lowio_lock_fh       000000018001bb28 f   libucrt:osfinfo.obj
 0001:0001ab50       __acrt_lowio_unlock_fh     000000018001bb50 f   libucrt:osfinfo.obj
 0001:0001ab78       _free_osfhnd               000000018001bb78 f   libucrt:osfinfo.obj
 0001:0001ac34       _get_osfhandle             000000018001bc34 f   libucrt:osfinfo.obj
 0001:0001acac       _isatty                    000000018001bcac f   libucrt:isatty.obj
 0001:0001ad0c       ?__mbrtowc_utf8@__crt_mbstring@@YA_KPEA_WPEBD_KPEAU_Mbstatet@@@Z 000000018001bd0c f   libucrt:mbrtowc.obj
 0001:0001ad48       ?__mbsrtowcs_utf8@__crt_mbstring@@YA_KPEA_WPEAPEBD_KPEAU_Mbstatet@@@Z 000000018001bd48 f   libucrt:mbrtowc.obj
 0001:0001aec0       _putwch_nolock             000000018001bec0 f   libucrt:putwch.obj
 0001:0001aefc       ?__wcsrtombs_utf8@__crt_mbstring@@YA_KPEADPEAPEB_W_KPEAU_Mbstatet@@@Z 000000018001befc f   libucrt:wcrtomb.obj
 0001:0001b018       strncpy_s                  000000018001c018 f   libucrt:strncpy_s.obj
 0001:0001b100       _get_fpsr                  000000018001c100 f   libucrt:fpsr.obj
 0001:0001b110       _set_fpsr                  000000018001c110 f   libucrt:fpsr.obj
 0001:0001b11a       _fclrf                     000000018001c11a f   libucrt:fpsr.obj
 0001:0001b12e       _frnd                      000000018001c12e f   libucrt:fpsr.obj
 0001:0001b150       __acrt_GetStringTypeW      000000018001c150 f   libucrt:getstringtypew.obj
 0001:0001b158       ?__c32rtomb_utf8@__crt_mbstring@@YA_KPEAD_UPEAU_Mbstatet@@@Z 000000018001c158 f   libucrt:c32rtomb.obj
 0001:0001b210       c32rtomb                   000000018001c210 f   libucrt:c32rtomb.obj
 0001:0001b33c       _handle_error              000000018001c33c f   libucrt:libm_error.obj
 0001:0001b464       _handle_errorf             000000018001c464 f   libucrt:libm_error.obj
 0001:0001b598       _handle_nan                000000018001c598 f   libucrt:libm_error.obj
 0001:0001b5b4       _handle_nanf               000000018001c5b4 f   libucrt:libm_error.obj
 0001:0001b5c4       _towlower_l                000000018001c5c4 f   libucrt:towlower.obj
 0001:0001b690       qsort                      000000018001c690 f   libucrt:qsort.obj
 0001:0001baf0       strpbrk                    000000018001caf0 f   libucrt:strpbrk.obj
 0001:0001bed0       _mbsdec                    000000018001ced0 f   libucrt:mbsdec.obj
 0001:0001bed8       _mbsdec_l                  000000018001ced8 f   libucrt:mbsdec.obj
 0001:0001bf84       _msize_base                000000018001cf84 f   libucrt:msize.obj
 0001:0001c100       _itow_s                    000000018001d100 f   libucrt:xtoa.obj
 0001:0001c120       _wcsnicmp                  000000018001d120 f   libucrt:wcsnicmp.obj
 0001:0001c1cc       _wcsnicmp_l                000000018001d1cc f   libucrt:wcsnicmp.obj
 0001:0001c2f4       wcscmp                     000000018001d2f4 f   libucrt:wcscmp.obj
 0001:0001c32c       _query_app_type            000000018001d32c f   libucrt:report_runtime_error.obj
 0001:0001c334       ?__mbrtoc32_utf8@__crt_mbstring@@YA_KPEA_UPEBD_KPEAU_Mbstatet@@@Z 000000018001d334 f   libucrt:mbrtoc32.obj
 0001:0001c510       __dcrt_lowio_ensure_console_output_initialized 000000018001d510 f   libucrt:initcon.obj
 0001:0001c564       __dcrt_terminate_console_output 000000018001d564 f   libucrt:initcon.obj
 0001:0001c580       __dcrt_write_console       000000018001d580 f   libucrt:initcon.obj
 0001:0001c640       ?__c16rtomb_utf8@__crt_mbstring@@YA_KPEAD_SPEAU_Mbstatet@@@Z 000000018001d640 f   libucrt:c16rtomb.obj
 0001:0001c6f0       log10                      000000018001d6f0 f   libucrt:log10.obj
 0001:0001cc9c       __acrt_LCMapStringW        000000018001dc9c f   libucrt:lcmapstringw.obj
 0001:0001cd30       _log10_special             000000018001dd30 f   libucrt:log_special.obj
 0001:0001cde6       IsProcessorFeaturePresent  000000018001dde6 f   kernel32:KERNEL32.dll
 0001:0001cdec       ?DloadAcquireSectionWriteAccess@@YAXXZ 000000018001ddec f i DelayImp:delayhlp.obj
 0001:0001ce98       ?DloadGetSRWLockFunctionPointers@@YAEXZ 000000018001de98 f i DelayImp:delayhlp.obj
 0001:0001cf34       ?DloadMakePermanentImageCommit@@YAXPEAX_K@Z 000000018001df34 f i DelayImp:delayhlp.obj
 0001:0001cfcc       ?DloadObtainSection@@YAPEAXPEAK0@Z 000000018001dfcc f i DelayImp:delayhlp.obj
 0001:0001d068       ?DloadProtectSection@@YAXKPEAK@Z 000000018001e068 f i DelayImp:delayhlp.obj
 0001:0001d0f8       ?DloadReleaseSectionWriteAccess@@YAXXZ 000000018001e0f8 f i DelayImp:delayhlp.obj
 0001:0001d18c       __delayLoadHelper2         000000018001e18c f   DelayImp:delayhlp.obj
 0001:0001d470       _FindPESection             000000018001e470 f   LIBCMT:pesect.obj
 0001:0001d4c0       _IsNonwritableInCurrentImage 000000018001e4c0 f   LIBCMT:pesect.obj
 0001:0001d510       _ValidateImageBase         000000018001e510 f   LIBCMT:pesect.obj
 0001:0001d540       _local_unwind              000000018001e540 f   libvcruntime:jmpuwind.obj
 0001:0001d56c       wcschr                     000000018001e56c f   libvcruntime:wcschr.obj
 0001:0001d600       _guard_dispatch_icall_nop  000000018001e600 f   LIBCMT:guard_dispatch.obj
 0002:00000000       __imp_GetModuleHandleA     000000018001f000     kernel32:KERNEL32.dll
 0002:00000008       __imp_LoadLibraryExA       000000018001f008     kernel32:KERNEL32.dll
 0002:00000010       __imp_VirtualQuery         000000018001f010     kernel32:KERNEL32.dll
 0002:00000018       __imp_VirtualProtect       000000018001f018     kernel32:KERNEL32.dll
 0002:00000020       __imp_GetLastError         000000018001f020     kernel32:KERNEL32.dll
 0002:00000028       __imp_WideCharToMultiByte  000000018001f028     kernel32:KERNEL32.dll
 0002:00000030       __imp_SetLastError         000000018001f030     kernel32:KERNEL32.dll
 0002:00000038       __imp_InitializeCriticalSectionAndSpinCount 000000018001f038     kernel32:KERNEL32.dll
 0002:00000040       __imp_SwitchToThread       000000018001f040     kernel32:KERNEL32.dll
 0002:00000048       __imp_TlsAlloc             000000018001f048     kernel32:KERNEL32.dll
 0002:00000050       __imp_TlsGetValue          000000018001f050     kernel32:KERNEL32.dll
 0002:00000058       __imp_TlsSetValue          000000018001f058     kernel32:KERNEL32.dll
 0002:00000060       __imp_TlsFree              000000018001f060     kernel32:KERNEL32.dll
 0002:00000068       __imp_GetSystemTimeAsFileTime 000000018001f068     kernel32:KERNEL32.dll
 0002:00000070       __imp_GetModuleHandleW     000000018001f070     kernel32:KERNEL32.dll
 0002:00000078       __imp_GetProcAddress       000000018001f078     kernel32:KERNEL32.dll
 0002:00000080       __imp_EncodePointer        000000018001f080     kernel32:KERNEL32.dll
 0002:00000088       __imp_DecodePointer        000000018001f088     kernel32:KERNEL32.dll
 0002:00000090       __imp_EnterCriticalSection 000000018001f090     kernel32:KERNEL32.dll
 0002:00000098       __imp_LeaveCriticalSection 000000018001f098     kernel32:KERNEL32.dll
 0002:000000a0       __imp_DeleteCriticalSection 000000018001f0a0     kernel32:KERNEL32.dll
 0002:000000a8       __imp_MultiByteToWideChar  000000018001f0a8     kernel32:KERNEL32.dll
 0002:000000b0       __imp_LCMapStringW         000000018001f0b0     kernel32:KERNEL32.dll
 0002:000000b8       __imp_GetLocaleInfoW       000000018001f0b8     kernel32:KERNEL32.dll
 0002:000000c0       __imp_GetStringTypeW       000000018001f0c0     kernel32:KERNEL32.dll
 0002:000000c8       __imp_GetCPInfo            000000018001f0c8     kernel32:KERNEL32.dll
 0002:000000d0       __imp_RtlCaptureContext    000000018001f0d0     kernel32:KERNEL32.dll
 0002:000000d8       __imp_RtlLookupFunctionEntry 000000018001f0d8     kernel32:KERNEL32.dll
 0002:000000e0       __imp_RtlVirtualUnwind     000000018001f0e0     kernel32:KERNEL32.dll
 0002:000000e8       __imp_UnhandledExceptionFilter 000000018001f0e8     kernel32:KERNEL32.dll
 0002:000000f0       __imp_SetUnhandledExceptionFilter 000000018001f0f0     kernel32:KERNEL32.dll
 0002:000000f8       __imp_GetCurrentProcess    000000018001f0f8     kernel32:KERNEL32.dll
 0002:00000100       __imp_TerminateProcess     000000018001f100     kernel32:KERNEL32.dll
 0002:00000108       __imp_IsProcessorFeaturePresent 000000018001f108     kernel32:KERNEL32.dll
 0002:00000110       __imp_QueryPerformanceCounter 000000018001f110     kernel32:KERNEL32.dll
 0002:00000118       __imp_GetCurrentProcessId  000000018001f118     kernel32:KERNEL32.dll
 0002:00000120       __imp_GetCurrentThreadId   000000018001f120     kernel32:KERNEL32.dll
 0002:00000128       __imp_InitializeSListHead  000000018001f128     kernel32:KERNEL32.dll
 0002:00000130       __imp_IsDebuggerPresent    000000018001f130     kernel32:KERNEL32.dll
 0002:00000138       __imp_GetStartupInfoW      000000018001f138     kernel32:KERNEL32.dll
 0002:00000140       __imp_RtlPcToFileHeader    000000018001f140     kernel32:KERNEL32.dll
 0002:00000148       __imp_RaiseException       000000018001f148     kernel32:KERNEL32.dll
 0002:00000150       __imp_RtlUnwindEx          000000018001f150     kernel32:KERNEL32.dll
 0002:00000158       __imp_InterlockedFlushSList 000000018001f158     kernel32:KERNEL32.dll
 0002:00000160       __imp_FreeLibrary          000000018001f160     kernel32:KERNEL32.dll
 0002:00000168       __imp_LoadLibraryExW       000000018001f168     kernel32:KERNEL32.dll
 0002:00000170       __imp_ExitProcess          000000018001f170     kernel32:KERNEL32.dll
 0002:00000178       __imp_GetModuleHandleExW   000000018001f178     kernel32:KERNEL32.dll
 0002:00000180       __imp_GetModuleFileNameW   000000018001f180     kernel32:KERNEL32.dll
 0002:00000188       __imp_HeapFree             000000018001f188     kernel32:KERNEL32.dll
 0002:00000190       __imp_HeapAlloc            000000018001f190     kernel32:KERNEL32.dll
 0002:00000198       __imp_IsValidLocale        000000018001f198     kernel32:KERNEL32.dll
 0002:000001a0       __imp_GetUserDefaultLCID   000000018001f1a0     kernel32:KERNEL32.dll
 0002:000001a8       __imp_EnumSystemLocalesW   000000018001f1a8     kernel32:KERNEL32.dll
 0002:000001b0       __imp_GetStdHandle         000000018001f1b0     kernel32:KERNEL32.dll
 0002:000001b8       __imp_GetFileType          000000018001f1b8     kernel32:KERNEL32.dll
 0002:000001c0       __imp_CloseHandle          000000018001f1c0     kernel32:KERNEL32.dll
 0002:000001c8       __imp_FlushFileBuffers     000000018001f1c8     kernel32:KERNEL32.dll
 0002:000001d0       __imp_WriteFile            000000018001f1d0     kernel32:KERNEL32.dll
 0002:000001d8       __imp_GetConsoleCP         000000018001f1d8     kernel32:KERNEL32.dll
 0002:000001e0       __imp_GetConsoleMode       000000018001f1e0     kernel32:KERNEL32.dll
 0002:000001e8       __imp_ReadFile             000000018001f1e8     kernel32:KERNEL32.dll
 0002:000001f0       __imp_GetFileSizeEx        000000018001f1f0     kernel32:KERNEL32.dll
 0002:000001f8       __imp_SetFilePointerEx     000000018001f1f8     kernel32:KERNEL32.dll
 0002:00000200       __imp_ReadConsoleW         000000018001f200     kernel32:KERNEL32.dll
 0002:00000208       __imp_HeapReAlloc          000000018001f208     kernel32:KERNEL32.dll
 0002:00000210       __imp_FindClose            000000018001f210     kernel32:KERNEL32.dll
 0002:00000218       __imp_FindFirstFileExW     000000018001f218     kernel32:KERNEL32.dll
 0002:00000220       __imp_FindNextFileW        000000018001f220     kernel32:KERNEL32.dll
 0002:00000228       __imp_IsValidCodePage      000000018001f228     kernel32:KERNEL32.dll
 0002:00000230       __imp_GetACP               000000018001f230     kernel32:KERNEL32.dll
 0002:00000238       __imp_GetOEMCP             000000018001f238     kernel32:KERNEL32.dll
 0002:00000240       __imp_GetCommandLineA      000000018001f240     kernel32:KERNEL32.dll
 0002:00000248       __imp_GetCommandLineW      000000018001f248     kernel32:KERNEL32.dll
 0002:00000250       __imp_GetEnvironmentStringsW 000000018001f250     kernel32:KERNEL32.dll
 0002:00000258       __imp_FreeEnvironmentStringsW 000000018001f258     kernel32:KERNEL32.dll
 0002:00000260       __imp_GetProcessHeap       000000018001f260     kernel32:KERNEL32.dll
 0002:00000268       __imp_SetStdHandle         000000018001f268     kernel32:KERNEL32.dll
 0002:00000270       __imp_HeapSize             000000018001f270     kernel32:KERNEL32.dll
 0002:00000278       __imp_CreateFileW          000000018001f278     kernel32:KERNEL32.dll
 0002:00000280       __imp_WriteConsoleW        000000018001f280     kernel32:KERNEL32.dll
 0002:00000288       __imp_GetSystemInfo        000000018001f288     kernel32:KERNEL32.dll
 0002:00000290       __imp_RtlUnwind            000000018001f290     kernel32:KERNEL32.dll
 0002:00000298       \177KERNEL32_NULL_THUNK_DATA 000000018001f298     kernel32:KERNEL32.dll
 0002:000002a0       __imp_PlaySoundA           000000018001f2a0     winmm:WINMM.dll
 0002:000002a8       \177WINMM_NULL_THUNK_DATA  000000018001f2a8     winmm:WINMM.dll
 0002:000002b0       __guard_check_icall_fptr   000000018001f2b0     LIBCMT:guard_support.obj
 0002:000002b8       __guard_dispatch_icall_fptr 000000018001f2b8     LIBCMT:guard_support.obj
 0002:000002c0       __xc_a                     000000018001f2c0     LIBCMT:initializers.obj
 0002:00000310       _register_addon_           000000018001f310     addon.obj
 0002:00000318       __xc_z                     000000018001f318     LIBCMT:initializers.obj
 0002:00000320       __xi_a                     000000018001f320     LIBCMT:initializers.obj
 0002:00000330       __acrt_stdio_initializer   000000018001f330     libucrt:stdio_initializer.obj
 0002:00000338       __acrt_tran_fma3_initializer 000000018001f338     libucrt:fma3_initializer.obj
 0002:00000340       __acrt_timeset_initializer 000000018001f340     libucrt:timeset_initializer.obj
 0002:00000348       __acrt_multibyte_initializer 000000018001f348     libucrt:multibyte_initializer.obj
 0002:00000350       __xi_z                     000000018001f350     LIBCMT:initializers.obj
 0002:00000358       __xp_a                     000000018001f358     LIBCMT:initializers.obj
 0002:00000360       __acrt_locale_terminator   000000018001f360     libucrt:locale_initializer.obj
 0002:00000368       __dcrt_console_output_terminator 000000018001f368     libucrt:console_output_initializer.obj
[...]
 0004:000017b8       $pdata$ProcessCodePage     00000001800387b8     libucrt:get_qualified_locale.obj
 0004:000017c4       $pdata$TestDefaultCountry  00000001800387c4     libucrt:get_qualified_locale.obj
 0004:000017d0       $pdata$TranslateName       00000001800387d0     libucrt:get_qualified_locale.obj
 0004:000017dc       $pdata$__acrt_get_qualified_locale 00000001800387dc     libucrt:get_qualified_locale.obj
 0004:000017e8       $pdata$CountryEnumProc     00000001800387e8     libucrt:getqloc_downlevel.obj
 0004:000017f4       $pdata$GetLcidFromLangCountry 00000001800387f4     libucrt:getqloc_downlevel.obj
 0004:00001800       $pdata$GetLcidFromLanguage 0000000180038800     libucrt:getqloc_downlevel.obj
 0004:0000180c       $pdata$LangCountryEnumProc 000000018003880c     libucrt:getqloc_downlevel.obj
 0004:00001818       $pdata$LanguageEnumProc    0000000180038818     libucrt:getqloc_downlevel.obj
 0004:00001824       $pdata$ProcessCodePage     0000000180038824     libucrt:getqloc_downlevel.obj
 0004:00001830       $pdata$TestDefaultLanguage 0000000180038830     libucrt:getqloc_downlevel.obj
 0004:0000183c       $pdata$TranslateName       000000018003883c     libucrt:getqloc_downlevel.obj
 0004:00001848       $pdata$__acrt_get_qualified_locale_downlevel 0000000180038848     libucrt:getqloc_downlevel.obj
 0004:00001854       $pdata$?GetTableIndexFromLocaleName@@YAHPEB_W@Z 0000000180038854     libucrt:lcidtoname_downlevel.obj
 0004:00001860       $pdata$__acrt_DownlevelLCIDToLocaleName 0000000180038860     libucrt:lcidtoname_downlevel.obj
 0004:0000186c       $pdata$__acrt_DownlevelLocaleNameToLCID 000000018003886c     libucrt:lcidtoname_downlevel.obj
 0004:00001878       $pdata$__acrt_lowio_create_handle_array 0000000180038878     libucrt:osfinfo.obj
 0004:00001884       $pdata$__acrt_lowio_destroy_handle_array 0000000180038884     libucrt:osfinfo.obj
 0004:00001890       $pdata$__acrt_lowio_ensure_fh_exists 0000000180038890     libucrt:osfinfo.obj
 0004:0000189c       $pdata$_free_osfhnd        000000018003889c     libucrt:osfinfo.obj
 0004:000018a8       $pdata$_get_osfhandle      00000001800388a8     libucrt:osfinfo.obj
 0004:000018b4       $pdata$_isatty             00000001800388b4     libucrt:isatty.obj
 0004:000018c0       $pdata$?__mbrtowc_utf8@__crt_mbstring@@YA_KPEA_WPEBD_KPEAU_Mbstatet@@@Z 00000001800388c0     libucrt:mbrtowc.obj
 0004:000018cc       $pdata$?__mbsrtowcs_utf8@__crt_mbstring@@YA_KPEA_WPEAPEBD_KPEAU_Mbstatet@@@Z 00000001800388cc     libucrt:mbrtowc.obj
 0004:000018d8       $pdata$_putwch_nolock      00000001800388d8     libucrt:putwch.obj
 0004:000018e4       $pdata$?__wcsrtombs_utf8@__crt_mbstring@@YA_KPEADPEAPEB_W_KPEAU_Mbstatet@@@Z 00000001800388e4     libucrt:wcrtomb.obj
 0004:000018f0       $pdata$strncpy_s           00000001800388f0     libucrt:strncpy_s.obj
 0004:00001908       $pdata$?__c32rtomb_utf8@__crt_mbstring@@YA_KPEAD_UPEAU_Mbstatet@@@Z 0000000180038908     libucrt:c32rtomb.obj
 0004:00001914       $pdata$_call_matherr       0000000180038914     libucrt:libm_error.obj
 0004:00001920       $pdata$_exception_enabled  0000000180038920     libucrt:libm_error.obj
 0004:0000192c       $pdata$_handle_error       000000018003892c     libucrt:libm_error.obj
 0004:00001938       $pdata$_handle_errorf      0000000180038938     libucrt:libm_error.obj
 0004:00001944       $pdata$_towlower_l         0000000180038944     libucrt:towlower.obj
 0004:00001950       $pdata$qsort               0000000180038950     libucrt:qsort.obj
 0004:0000195c       $pdata$4$qsort             000000018003895c     libucrt:qsort.obj
 0004:00001968       $pdata$5$qsort             0000000180038968     libucrt:qsort.obj
 0004:00001974       $pdata$fallbackMethod      0000000180038974     libucrt:strpbrk.obj
 0004:00001980       $pdata$strpbrk             0000000180038980     libucrt:strpbrk.obj
 0004:0000198c       $pdata$_mbsdec_l           000000018003898c     libucrt:mbsdec.obj
 0004:00001998       $pdata$?initialize_multibyte@@YAHXZ 0000000180038998     libucrt:multibyte_initializer.obj
 0004:000019a4       $pdata$_msize_base         00000001800389a4     libucrt:msize.obj
 0004:000019b0       $pdata$??$common_xtox@K_W@@YAHKQEA_W_KI_N@Z 00000001800389b0     libucrt:xtoa.obj
 0004:000019bc       $pdata$??$common_xtox_s@K_W@@YAHKQEA_W_KI_N@Z 00000001800389bc     libucrt:xtoa.obj
 0004:000019c8       $pdata$_itow_s             00000001800389c8     libucrt:xtoa.obj
 0004:000019d4       $pdata$_wcsnicmp           00000001800389d4     libucrt:wcsnicmp.obj
 0004:000019e0       $pdata$_wcsnicmp_l         00000001800389e0     libucrt:wcsnicmp.obj
 0004:000019ec       $pdata$?__mbrtoc32_utf8@__crt_mbstring@@YA_KPEA_UPEBD_KPEAU_Mbstatet@@@Z 00000001800389ec     libucrt:mbrtoc32.obj
 0004:000019f8       $pdata$__dcrt_lowio_ensure_console_output_initialized 00000001800389f8     libucrt:initcon.obj
 0004:00001a04       $pdata$__dcrt_terminate_console_output 0000000180038a04     libucrt:initcon.obj
 0004:00001a10       $pdata$__dcrt_write_console 0000000180038a10     libucrt:initcon.obj
 0004:00001a1c       $pdata$?__c16rtomb_utf8@__crt_mbstring@@YA_KPEAD_SPEAU_Mbstatet@@@Z 0000000180038a1c     libucrt:c16rtomb.obj
 0004:00001a34       $pdata$__acrt_LCMapStringW 0000000180038a34     libucrt:lcmapstringw.obj
 0004:00001a40       $pdata$_log10_special      0000000180038a40     libucrt:log_special.obj
 0004:00001a4c       $pdata$_log_special_common 0000000180038a4c     libucrt:log_special.obj
 0004:00001a58       $pdata$?DloadAcquireSectionWriteAccess@@YAXXZ 0000000180038a58     DelayImp:delayhlp.obj
 0004:00001a64       $pdata$?DloadGetSRWLockFunctionPointers@@YAEXZ 0000000180038a64     DelayImp:delayhlp.obj
 0004:00001a70       $pdata$?DloadMakePermanentImageCommit@@YAXPEAX_K@Z 0000000180038a70     DelayImp:delayhlp.obj
 0004:00001a7c       $pdata$?DloadObtainSection@@YAPEAXPEAK0@Z 0000000180038a7c     DelayImp:delayhlp.obj
 0004:00001a88       $pdata$?DloadProtectSection@@YAXKPEAK@Z 0000000180038a88     DelayImp:delayhlp.obj
 0004:00001a94       $pdata$?DloadReleaseSectionWriteAccess@@YAXXZ 0000000180038a94     DelayImp:delayhlp.obj
 0004:00001aa0       $pdata$__delayLoadHelper2  0000000180038aa0     DelayImp:delayhlp.obj
 0004:00001aac       $pdata$_IsNonwritableInCurrentImage 0000000180038aac     LIBCMT:pesect.obj
 0004:00001ab8       $pdata$_local_unwind       0000000180038ab8     libvcruntime:jmpuwind.obj
 0004:00001ad0       $pdata$?dtor$0@?0???0?$basic_ostream@DU?$char_traits@D@std@@@std@@QEAA@PEAV?$basic_streambuf@DU?$char_traits@D@std@@@1@_N@Z@4HA 0000000180038ad0     libcpmt:cout.obj
 0004:00001adc       $pdata$?dtor$0@?0??_Getcat@?$codecvt@DDU_Mbstatet@@@std@@SA_KPEAPEBVfacet@locale@2@PEBV42@@Z@4HA 0000000180038adc     libcpmt:cout.obj
 0004:00001ae8       $pdata$?dtor$0@?0??_Getcat@?$ctype@D@std@@SA_KPEAPEBVfacet@locale@2@PEBV42@@Z@4HA 0000000180038ae8     libcpmt:cout.obj
 0004:00001af4       $pdata$?fin$0@?0??dllmain_crt_process_attach@@YAHQEAUHINSTANCE__@@QEAX@Z@4HA 0000000180038af4     LIBCMT:dll_dllmain.obj
 0004:00001b00       $pdata$?fin$0@?0??dllmain_crt_process_detach@@YAH_N@Z@4HA 0000000180038b00     LIBCMT:dll_dllmain.obj
 0004:00001b0c       $pdata$?filt$0@?0??dllmain_dispatch@@YAHQEAUHINSTANCE__@@KQEAX@Z@4HA 0000000180038b0c     LIBCMT:dll_dllmain.obj
 0004:00001b18       $pdata$__scrt_is_nonwritable_in_current_image$filt$0 0000000180038b18     LIBCMT:utility.obj
 0004:00001b24       $pdata$?filt$0@?0???$_CallSETranslator@V__FrameHandler3@@@@YAHPEAUEHExceptionRecord@@PEA_KPEAU_CONTEXT@@PEAU_xDISPATCHER_CONTEXT@@PEBU_s_FuncInfo@@K1@Z@4HA 0000000180038b24     libvcruntime:risctrnsctrl.obj
 0004:00001b30       $pdata$__DestructExceptionObject$filt$0 0000000180038b30     libvcruntime:ehhelpers.obj
 0004:00001b3c       $pdata$?filt$0@?0??CxxCallCatchBlock@__FrameHandler3@@SAPEAXPEAU_EXCEPTION_RECORD@@@Z@4HA 0000000180038b3c     libvcruntime:frame.obj
 0004:00001b48       $pdata$?fin$1@?0??CxxCallCatchBlock@__FrameHandler3@@SAPEAXPEAU_EXCEPTION_RECORD@@@Z@4HA 0000000180038b48     libvcruntime:frame.obj
 0004:00001b54       $pdata$?filt$0@?0??FrameUnwindToState@__FrameHandler3@@SAXPEA_KPEAU_xDISPATCHER_CONTEXT@@PEBU_s_FuncInfo@@H@Z@4HA 0000000180038b54     libvcruntime:frame.obj
 0004:00001b60       $pdata$?fin$1@?0??FrameUnwindToState@__FrameHandler3@@SAXPEA_KPEAU_xDISPATCHER_CONTEXT@@PEBU_s_FuncInfo@@H@Z@4HA 0000000180038b60     libvcruntime:frame.obj
 0004:00001b6c       $pdata$?fin$0@?0??common_fseek@@YAHV__crt_stdio_stream@@_JH@Z@4HA 0000000180038b6c     libucrt:fseek.obj
 0004:00001b6c       $pdata$fclose$fin$0        0000000180038b6c     libucrt:fclose.obj
 0004:00001b6c       $pdata$?fin$0@?0???$common_ftell@_J@@YA_JV__crt_stdio_stream@@@Z@4HA 0000000180038b6c     libucrt:ftell.obj
 0004:00001b78       $pdata$?fin$0@?0???$?RV<lambda_c376a267cfb53b6959b3b692ec76b120>@@AEAV<lambda_9a32fed5bf61b6b509b2d3f6003082a1>@@V<lambda_572fbb9fa0ab338edf41edfd4b5fcc8d>@@@?$__crt_seh_guarded_call@H@@QEAAH$$QEAV<lambda_c376a267cfb53b6959b3b692ec76b120>@@AEAV<lambda_9a32fed5bf61b6b509b2d3f6003082a1>@@$$QEAV<lambda_572fbb9fa0ab338edf41edfd4b5fcc8d>@@@Z@4HA 0000000180038b78     libucrt:fflush.obj
 0004:00001b78       $pdata$?fin$0@?0???$?RV<lambda_bdbcead8b570fa3d5ec6d9679862a6e5>@@AEAV<lambda_96f4279ff90247a4c5c5d9824f56f8c1>@@V<lambda_4606be27f17b5e5579e09050fab91818>@@@?$__crt_seh_guarded_call@_K@@QEAA_K$$QEAV<lambda_bdbcead8b570fa3d5ec6d9679862a6e5>@@AEAV<lambda_96f4279ff90247a4c5c5d9824f56f8c1>@@$$QEAV<lambda_4606be27f17b5e5579e09050fab91818>@@@Z@4HA 0000000180038b78     libucrt:fwrite.obj
 0004:00001b78       $pdata$?fin$0@?0???$?RV<lambda_842d9ff0dc9ef11c61343bbaebe7f885>@@AEAV<lambda_c5860995281e5c4ce005b3de8f5874ee>@@V<lambda_d90129c13df834fdcbf8d2b88dafcf2d>@@@?$__crt_seh_guarded_call@X@@QEAAX$$QEAV<lambda_842d9ff0dc9ef11c61343bbaebe7f885>@@AEAV<lambda_c5860995281e5c4ce005b3de8f5874ee>@@$$QEAV<lambda_d90129c13df834fdcbf8d2b88dafcf2d>@@@Z@4HA 0000000180038b78     libucrt:fflush.obj
 0004:00001b78       $pdata$?fin$0@?0???$?RV<lambda_84ec643ea9557e2f7dc01bb0e9624395>@@AEAV<lambda_ca71763b3c0644891230e4f79ea54fa6>@@V<lambda_439a761618c59b0600e24586724d733b>@@@?$__crt_seh_guarded_call@H@@QEAAH$$QEAV<lambda_84ec643ea9557e2f7dc01bb0e9624395>@@AEAV<lambda_ca71763b3c0644891230e4f79ea54fa6>@@$$QEAV<lambda_439a761618c59b0600e24586724d733b>@@@Z@4HA 0000000180038b78     libucrt:setvbuf.obj
 0004:00001b84       $pdata$?fin$0@?0???$?RV<lambda_886d6c58226a84441f68b9f2b8217b83>@@AEAV<lambda_ab61a845afdef5b7c387490eaf3616ee>@@V<lambda_f7f22ab5edc0698d5f6905b0d3f44752>@@@?$__crt_seh_guarded_call@X@@QEAAX$$QEAV<lambda_886d6c58226a84441f68b9f2b8217b83>@@AEAV<lambda_ab61a845afdef5b7c387490eaf3616ee>@@$$QEAV<lambda_f7f22ab5edc0698d5f6905b0d3f44752>@@@Z@4HA 0000000180038b84     libucrt:fflush.obj
 0004:00001b90       $pdata$fgetc$fin$0         0000000180038b90     libucrt:fgetc.obj
 0004:00001b9c       $pdata$fputc$fin$0         0000000180038b9c     libucrt:fputc.obj
 0004:00001ba8       $pdata$fread_s$fin$0       0000000180038ba8     libucrt:fread.obj
 0004:00001bb4       $pdata$ungetc$fin$0        0000000180038bb4     libucrt:ungetc.obj
 0004:00001bc0       $pdata$?fin$0@?0???$?RV<lambda_aa87e3671a710a21b5dc78c0bdf72e11>@@AEAV<lambda_92619d2358a28f41a33ba319515a20b9>@@V<lambda_6992ecaafeb10aed2b74cb1fae11a551>@@@?$__crt_seh_guarded_call@X@@QEAAX$$QEAV<lambda_aa87e3671a710a21b5dc78c0bdf72e11>@@AEAV<lambda_92619d2358a28f41a33ba319515a20b9>@@$$QEAV<lambda_6992ecaafeb10aed2b74cb1fae11a551>@@@Z@4HA 0000000180038bc0     libucrt:per_thread_data.obj
 0004:00001bc0       $pdata$?fin$0@?0???$?RV<lambda_efdfa57d1f175319df784efa44bb7b81>@@AEAV<lambda_5f0a4c1567f8adc6734073e5d1e1b35c>@@V<lambda_2e8a7d3640ea6ccb4c2413664c2db6fd>@@@?$__crt_seh_guarded_call@X@@QEAAX$$QEAV<lambda_efdfa57d1f175319df784efa44bb7b81>@@AEAV<lambda_5f0a4c1567f8adc6734073e5d1e1b35c>@@$$QEAV<lambda_2e8a7d3640ea6ccb4c2413664c2db6fd>@@@Z@4HA 0000000180038bc0     libucrt:mbctype.obj
 0004:00001bc0       $pdata$?fin$0@?0???$?RV<lambda_f2e299630e499de9f9a165e60fcd3db5>@@AEAV<lambda_2ae9d31cdba2644fcbeaf08da7c24588>@@V<lambda_40d01ff24d0e7b3814fdbdcee8eab3c7>@@@?$__crt_seh_guarded_call@X@@QEAAX$$QEAV<lambda_f2e299630e499de9f9a165e60fcd3db5>@@AEAV<lambda_2ae9d31cdba2644fcbeaf08da7c24588>@@$$QEAV<lambda_40d01ff24d0e7b3814fdbdcee8eab3c7>@@@Z@4HA 0000000180038bc0     libucrt:per_thread_data.obj
 0004:00001bc0       $pdata$?fin$0@?0???$?RV<lambda_2d41944a1d46af3157314b8a01080d33>@@AEAV<lambda_8f455de75cd7d7f24b4096f044d8b9e6>@@V<lambda_aa500f224e6afead328df44964fe2772>@@@?$__crt_seh_guarded_call@X@@QEAAX$$QEAV<lambda_2d41944a1d46af3157314b8a01080d33>@@AEAV<lambda_8f455de75cd7d7f24b4096f044d8b9e6>@@$$QEAV<lambda_aa500f224e6afead328df44964fe2772>@@@Z@4HA 0000000180038bc0     libucrt:per_thread_data.obj
 0004:00001bc0       $pdata$?fin$0@?0???$?RV<lambda_0ae27a3a962d80f24befdcbee591983d>@@AEAV<lambda_8d0ee55de4b1038c4002e0adecdf1839>@@V<lambda_dc504788e8f1664fe9b84e20bfb512f2>@@@?$__crt_seh_guarded_call@X@@QEAAX$$QEAV<lambda_0ae27a3a962d80f24befdcbee591983d>@@AEAV<lambda_8d0ee55de4b1038c4002e0adecdf1839>@@$$QEAV<lambda_dc504788e8f1664fe9b84e20bfb512f2>@@@Z@4HA 0000000180038bc0     libucrt:per_thread_data.obj
 0004:00001bc0       $pdata$?fin$0@?0???$?RV<lambda_d80eeec6fff315bfe5c115232f3240e3>@@AEAV<lambda_6e4b09c48022b2350581041d5f6b0c4c>@@V<lambda_2358e3775559c9db80273638284d5e45>@@@?$__crt_seh_guarded_call@X@@QEAAX$$QEAV<lambda_d80eeec6fff315bfe5c115232f3240e3>@@AEAV<lambda_6e4b09c48022b2350581041d5f6b0c4c>@@$$QEAV<lambda_2358e3775559c9db80273638284d5e45>@@@Z@4HA 0000000180038bc0     libucrt:exit.obj
 0004:00001bc0       $pdata$?fin$0@?0???$?RV<lambda_1d892b297fdedeee07ed8124eeb2f2fa>@@AEAV<lambda_ffc046909424fd52df0ac47e64813305>@@V<lambda_01a7098693036236037e7cdb9bca3d73>@@@?$__crt_seh_guarded_call@X@@QEAAX$$QEAV<lambda_1d892b297fdedeee07ed8124eeb2f2fa>@@AEAV<lambda_ffc046909424fd52df0ac47e64813305>@@$$QEAV<lambda_01a7098693036236037e7cdb9bca3d73>@@@Z@4HA 0000000180038bc0     libucrt:wsetlocale.obj
 0004:00001bc0       $pdata$?fin$0@?0???$?RV<lambda_7777bce6b2f8c936911f934f8298dc43>@@AEAV<lambda_f03950bc5685219e0bcd2087efbe011e>@@V<lambda_3883c3dff614d5e0c5f61bb1ac94921c>@@@?$__crt_seh_guarded_call@H@@QEAAH$$QEAV<lambda_7777bce6b2f8c936911f934f8298dc43>@@AEAV<lambda_f03950bc5685219e0bcd2087efbe011e>@@$$QEAV<lambda_3883c3dff614d5e0c5f61bb1ac94921c>@@@Z@4HA 0000000180038bc0     libucrt:onexit.obj
 0004:00001bc0       $pdata$?fin$0@?0???$?RV<lambda_450d765d439847d4c735a33c368b5fc0>@@AEAV<lambda_44731a7d0e6d81c3e6aa82d741081786>@@V<lambda_601a2a7da3b7a96e9554ac7215c4b07c>@@@?$__crt_seh_guarded_call@P6AXH@Z@@QEAAP6AXH@Z$$QEAV<lambda_450d765d439847d4c735a33c368b5fc0>@@AEAV<lambda_44731a7d0e6d81c3e6aa82d741081786>@@$$QEAV<lambda_601a2a7da3b7a96e9554ac7215c4b07c>@@@Z@4HA 0000000180038bc0     libucrt:signal.obj
 0004:00001bc0       $pdata$?fin$0@?0???$?RV<lambda_638799b9deba96c50f710eeac98168cd>@@AEAV<lambda_22ebabd17bc4fa466a2aca6d8deb888d>@@V<lambda_a6f7d7db0129f75315ebf26d50c089f1>@@@?$__crt_seh_guarded_call@H@@QEAAH$$QEAV<lambda_638799b9deba96c50f710eeac98168cd>@@AEAV<lambda_22ebabd17bc4fa466a2aca6d8deb888d>@@$$QEAV<lambda_a6f7d7db0129f75315ebf26d50c089f1>@@@Z@4HA 0000000180038bc0     libucrt:onexit.obj
 0004:00001bc0       $pdata$?fin$0@?0???$?RV<lambda_9bd929c17696992ce54f1d748594fc62>@@AEAV<lambda_082c17da81b0962e08c0587ee0fac50c>@@V<lambda_9c08ac857f4975304d44e9f601d9b878>@@@?$__crt_seh_guarded_call@PEAD@@QEAAPEAD$$QEAV<lambda_9bd929c17696992ce54f1d748594fc62>@@AEAV<lambda_082c17da81b0962e08c0587ee0fac50c>@@$$QEAV<lambda_9c08ac857f4975304d44e9f601d9b878>@@@Z@4HA 0000000180038bc0     libucrt:setlocale.obj
 0004:00001bc0       $pdata$?fin$0@?0???$?RV<lambda_bd00b5aa228bd7e7e5b2b5db5fd2933b>@@AEAV<lambda_777d11615145f89ee95b9466d285deeb>@@V<lambda_6e5e48fbd24f9f8f81b203eb3d877683>@@@?$__crt_seh_guarded_call@H@@QEAAH$$QEAV<lambda_bd00b5aa228bd7e7e5b2b5db5fd2933b>@@AEAV<lambda_777d11615145f89ee95b9466d285deeb>@@$$QEAV<lambda_6e5e48fbd24f9f8f81b203eb3d877683>@@@Z@4HA 0000000180038bc0     libucrt:winapi_thunks.obj
 0004:00001bcc       $pdata$_query_new_handler$fin$0 0000000180038bcc     libucrt:new_handler.obj
 0004:00001bd8       $pdata$?filt$0@?0???R<lambda_6e4b09c48022b2350581041d5f6b0c4c>@@QEBA@XZ@4HA 0000000180038bd8     libucrt:exit.obj
 0004:00001be4       $pdata$?fin$0@?0???$?RV<lambda_410d79af7f07d98d83a3f525b3859a53>@@AEAV<lambda_3e16ef9562a7dcce91392c22ab16ea36>@@V<lambda_38119f0e861e05405d8a144b9b982f0a>@@@?$__crt_seh_guarded_call@X@@QEAAX$$QEAV<lambda_410d79af7f07d98d83a3f525b3859a53>@@AEAV<lambda_3e16ef9562a7dcce91392c22ab16ea36>@@$$QEAV<lambda_38119f0e861e05405d8a144b9b982f0a>@@@Z@4HA 0000000180038be4     libucrt:wsetlocale.obj
 0004:00001bf0       $pdata$?fin$0@?0???$?RV<lambda_7f2adfce497ff2baa965cd4f576ecfd1>@@AEAV<lambda_2a444430fde8c29194d880d93eed5e8f>@@AEAV<lambda_8dff2cf36a5417162780cd64fa2883ef>@@@?$__crt_seh_guarded_call@X@@QEAAX$$QEAV<lambda_7f2adfce497ff2baa965cd4f576ecfd1>@@AEAV<lambda_2a444430fde8c29194d880d93eed5e8f>@@AEAV<lambda_8dff2cf36a5417162780cd64fa2883ef>@@@Z@4HA 0000000180038bf0     libucrt:wsetlocale.obj
 0004:00001bfc       $pdata$_fcloseall$fin$0    0000000180038bfc     libucrt:closeall.obj
 0004:00001c08       $pdata$__acrt_lowio_ensure_fh_exists$fin$0 0000000180038c08     libucrt:osfinfo.obj
 0004:00001c08       $pdata$__acrt_initialize_lowio$fin$0 0000000180038c08     libucrt:ioinit.obj
 0004:00001c14       $pdata$?fin$0@?0???$?RV<lambda_a37b2b86f63e897a80ea819b0eb08c01>@@AEAV<lambda_38ce7e780aa69e748d6df282ebc68efe>@@V<lambda_99fb1378e971ab6e7edea83e3a7a83a2>@@@?$__crt_seh_guarded_call@H@@QEAAH$$QEAV<lambda_a37b2b86f63e897a80ea819b0eb08c01>@@AEAV<lambda_38ce7e780aa69e748d6df282ebc68efe>@@$$QEAV<lambda_99fb1378e971ab6e7edea83e3a7a83a2>@@@Z@4HA 0000000180038c14     libucrt:commit.obj
 0004:00001c14       $pdata$?fin$0@?0???$?RV<lambda_751a882b2c74d4b022dec766aa51a29a>@@AEAV<lambda_628dfdc04ba53c8bfc02c9951375f3f5>@@V<lambda_f6c7be5f7998530c34de24c7437d6b54>@@@?$__crt_seh_guarded_call@H@@QEAAH$$QEAV<lambda_751a882b2c74d4b022dec766aa51a29a>@@AEAV<lambda_628dfdc04ba53c8bfc02c9951375f3f5>@@$$QEAV<lambda_f6c7be5f7998530c34de24c7437d6b54>@@@Z@4HA 0000000180038c14     libucrt:close.obj
 0004:00001c20       $pdata$?fin$0@?0???$common_lseek@_J@@YA_JH_JH@Z@4HA 0000000180038c20     libucrt:lseek.obj
 0004:00001c20       $pdata$_write$fin$0        0000000180038c20     libucrt:write.obj
 0004:00001c2c       $pdata$_read$fin$0         0000000180038c2c     libucrt:read.obj
 0004:00001c38       $pdata$raise$fin$0         0000000180038c38     libucrt:signal.obj
 0004:00001c44       $pdata$_ctrlfp$filt$0      0000000180038c44     libucrt:fpctrl.obj
 0004:00001c50       $pdata$?fin$0@?0??update_thread_multibyte_data_internal@@YAPEAU__crt_multibyte_data@@QEAU__acrt_ptd@@QEAPEAU1@@Z@4HA 0000000180038c50     libucrt:mbctype.obj
 0004:00001c5c       $pdata$__acrt_update_thread_locale_data$fin$0 0000000180038c5c     libucrt:locale_refcounting.obj
 0004:00001c68       $pdata$_IsNonwritableInCurrentImage$filt$0 0000000180038c68     LIBCMT:pesect.obj
 0004:00001c74       $pdata$??__Fcout@std@@YAXXZ 0000000180038c74     libcpmt:cout.obj
 0004:00001c80       $pdata$??__F_Fac_tidy_reg@std@@YAXXZ 0000000180038c80     libcpmt:locale0.obj
 0004:00001c8c       $pdata$??__Fclassic_locale@std@@YAXXZ 0000000180038c8c     libcpmt:locale0.obj
 0004:00001c98       $pdata$??__Finit_atexit@@YAXXZ 0000000180038c98     libcpmt:iosptrs.obj
 0005:00000000       MoveSmall                  0000000180039000     libvcruntime:memcpy.obj
 0005:00000050       MsetTab                    0000000180039050     libvcruntime:memset.obj
 0006:00000060       $R000000                   000000018003a060     * linker generated manifest res *

 Exports

  ordinal    name

        1    _register_addon_
